ARM Linker, 5.03 [Build 76] [MDK-ARM Lite]

==============================================================================

Section Cross References

    app_main.o(.text) refers to dio.o(.text) for Init_UserKeys
    app_main.o(.text) refers to clocks.o(.text) for Set_PCLK_CT32B1
    app_main.o(.text) refers to adc.o(.text) for Init_ADC
    app_main.o(.text) refers to analog.o(.text) for Init_DAC
    app_main.o(.text) refers to ct32b1.o(.text) for Init_CT32B1_PWM
    app_main.o(.text) refers to uart.o(.text) for Init_UART
    app_main.o(.text) refers to i2c.o(.text) for Init_I2C
    app_main.o(.text) refers to iocon.o(.text) for ConfigIO
    app_main.o(.text) refers to app_tasks.o(.text) for CreateSemaphores
    app_main.o(.text) refers to tasks.o(.text) for vTaskStartScheduler
    app_tasks.o(.text) refers to tasks.o(.text) for xTaskGenericCreate
    app_tasks.o(.text) refers to app_tasks.o(.data) for Task_IP_Handle
    app_tasks.o(.text) refers to task_def.o(.text) for Task_Input
    task_def.o(.text) refers to uart.o(.text) for Send_UART_Byte
    task_def.o(.text) refers to com.o(.text) for Send_COM_String
    task_def.o(.text) refers to dio.o(.text) for DIO_Get_Key1
    task_def.o(.text) refers to analog.o(.text) for Measure_vPOT
    task_def.o(.text) refers to aeabi_sdiv.o(.text) for __aeabi_idivmod
    task_def.o(.text) refers to lm75.o(.text) for ReadLM75
    task_def.o(.text) refers to tasks.o(.text) for vTaskResume
    task_def.o(.text) refers to task_def.o(.data) for key1
    task_def.o(.text) refers to app_tasks.o(.data) for Task_OP_Handle
    task_def.o(.text) refers to task_def.o(i.__ARM_common_switch8) for __ARM_common_switch8
    task_def.o(.text) refers to pwm.o(.text) for Set_PWM_Duty
    task_def.o(.text) refers to adc.o(.text) for Get_AD7
    freertoscommonhooks.o(.text) refers to tasks.o(.text) for xTaskGetTickCount
    heap_4.o(.text) refers to tasks.o(.text) for vTaskSuspendAll
    heap_4.o(.text) refers to freertoscommonhooks.o(.text) for vApplicationMallocFailedHook
    heap_4.o(.text) refers to heap_4.o(.data) for xStart
    heap_4.o(.text) refers to heap_4.o(.bss) for ucHeap
    port_m0.o(.emb_text) refers to tasks.o(.data) for pxCurrentTCB
    port_m0.o(.emb_text) refers to tasks.o(.text) for vTaskSwitchContext
    port_m0.o(.text) refers to aeabi_sdiv.o(.text) for __aeabi_uidivmod
    port_m0.o(.text) refers to port_m0.o(.emb_text) for vPortStartFirstTask
    port_m0.o(.text) refers to tasks.o(.text) for vTaskIncrementTick
    port_m0.o(.text) refers to system_lpc11xx.o(.data) for SystemCoreClock
    port_m0.o(.text) refers to port_m0.o(.data) for uxCriticalNesting
    croutine.o(.text) refers to list.o(.text) for vListInitialise
    croutine.o(.text) refers to heap_4.o(.text) for pvPortMalloc
    croutine.o(.text) refers to tasks.o(.text) for xTaskGetTickCount
    croutine.o(.text) refers to croutine.o(.bss) for pxReadyCoRoutineLists
    croutine.o(.text) refers to croutine.o(.data) for pxDelayedCoRoutineList
    queue.o(.text) refers to port_m0.o(.text) for vPortEnterCritical
    queue.o(.text) refers to tasks.o(.text) for xTaskRemoveFromEventList
    queue.o(.text) refers to list.o(.text) for vListInitialise
    queue.o(.text) refers to heap_4.o(.text) for pvPortMalloc
    queue.o(.text) refers to rt_memcpy.o(.text) for __aeabi_memcpy
    queue.o(.text) refers to queue.o(.bss) for xQueueRegistry
    tasks.o(.text) refers to _printf_percent.o(.ARM.Collect$$_printf_percent$$00000000) for _printf_percent
    tasks.o(.text) refers to _printf_u.o(.ARM.Collect$$_printf_percent$$0000000A) for _printf_u
    tasks.o(.text) refers to _printf_c.o(.ARM.Collect$$_printf_percent$$00000013) for _printf_c
    tasks.o(.text) refers to _printf_s.o(.ARM.Collect$$_printf_percent$$00000014) for _printf_s
    tasks.o(.text) refers to _printf_dec.o(.text) for _printf_int_dec
    tasks.o(.text) refers to _printf_str.o(.text) for _printf_str
    tasks.o(.text) refers to list.o(.text) for vListInitialise
    tasks.o(.text) refers to strncpy.o(.text) for strncpy
    tasks.o(.text) refers to heap_4.o(.text) for pvPortMalloc
    tasks.o(.text) refers to aeabi_memset.o(.text) for __aeabi_memset
    tasks.o(.text) refers to port_m0.o(.text) for pxPortInitialiseStack
    tasks.o(.text) refers to tasks.o(.bss) for pxReadyTasksLists
    tasks.o(.text) refers to tasks.o(.data) for pxDelayedTaskList
    tasks.o(.text) refers to freertoscommonhooks.o(.text) for vApplicationStackOverflowHook
    tasks.o(.text) refers to memcmp.o(.text) for memcmp
    tasks.o(.text) refers to tasks.o(.constdata) for ucExpectedStackBytes
    tasks.o(.text) refers to noretval__2sprintf.o(.text) for __2sprintf
    tasks.o(.text) refers to strcat.o(.text) for strcat
    adc.o(.text) refers to clocks.o(.text) for Set_PCLK_ADC
    ct32b1.o(.text) refers to clocks.o(.text) for Set_PCLK_CT32B1
[...]
    libinit.o(.ARM.Collect$$libinit$$00000000) refers (Special) to libinit2.o(.ARM.Collect$$libinit$$00000001) for __rt_lib_init_fp_1
    libinit.o(.ARM.Collect$$libinit$$00000000) refers (Special) to libinit2.o(.ARM.Collect$$libinit$$0000001D) for __rt_lib_init_fp_trap_1
    libinit.o(.ARM.Collect$$libinit$$00000000) refers (Special) to libinit2.o(.ARM.Collect$$libinit$$00000021) for __rt_lib_init_getenv_1
    libinit.o(.ARM.Collect$$libinit$$00000000) refers (Special) to libinit2.o(.ARM.Collect$$libinit$$00000008) for __rt_lib_init_heap_1
    libinit.o(.ARM.Collect$$libinit$$00000000) refers (Special) to libinit2.o(.ARM.Collect$$libinit$$0000000F) for __rt_lib_init_lc_collate_1
    libinit.o(.ARM.Collect$$libinit$$00000000) refers (Special) to libinit2.o(.ARM.Collect$$libinit$$00000011) for __rt_lib_init_lc_ctype_1
    libinit.o(.ARM.Collect$$libinit$$00000000) refers (Special) to libinit2.o(.ARM.Collect$$libinit$$00000013) for __rt_lib_init_lc_monetary_1
    libinit.o(.ARM.Collect$$libinit$$00000000) refers (Special) to libinit2.o(.ARM.Collect$$libinit$$00000015) for __rt_lib_init_lc_numeric_1
    libinit.o(.ARM.Collect$$libinit$$00000000) refers (Special) to libinit2.o(.ARM.Collect$$libinit$$00000017) for __rt_lib_init_lc_time_1
    libinit.o(.ARM.Collect$$libinit$$00000000) refers (Special) to libinit2.o(.ARM.Collect$$libinit$$0000000C) for __rt_lib_init_rand_1
    libinit.o(.ARM.Collect$$libinit$$00000000) refers (Special) to libinit2.o(.ARM.Collect$$libinit$$00000031) for __rt_lib_init_return
    libinit.o(.ARM.Collect$$libinit$$00000000) refers (Special) to libinit2.o(.ARM.Collect$$libinit$$0000001B) for __rt_lib_init_signal_1
    libinit.o(.ARM.Collect$$libinit$$00000000) refers (Special) to libinit2.o(.ARM.Collect$$libinit$$00000023) for __rt_lib_init_stdio_1
    libinit.o(.ARM.Collect$$libinit$$00000000) refers (Special) to libinit2.o(.ARM.Collect$$libinit$$0000000A) for __rt_lib_init_user_alloc_1
    libspace.o(.text) refers to libspace.o(.bss) for __libspace_start
    rtexit.o(.ARM.Collect$$rtexit$$00000000) refers (Special) to rtexit2.o(.ARM.Collect$$rtexit$$00000004) for __rt_exit_exit
    rtexit.o(.ARM.Collect$$rtexit$$00000000) refers (Special) to rtexit2.o(.ARM.Collect$$rtexit$$00000003) for __rt_exit_ls
    rtexit.o(.ARM.Collect$$rtexit$$00000000) refers (Special) to rtexit2.o(.ARM.Collect$$rtexit$$00000002) for __rt_exit_prels_1
    rtexit.o(.ARM.exidx) refers (Special) to rtexit2.o(.ARM.Collect$$rtexit$$00000004) for __rt_exit_exit
    rtexit.o(.ARM.exidx) refers (Special) to rtexit2.o(.ARM.Collect$$rtexit$$00000003) for __rt_exit_ls
    rtexit.o(.ARM.exidx) refers (Special) to rtexit2.o(.ARM.Collect$$rtexit$$00000002) for __rt_exit_prels_1
    rtexit.o(.ARM.exidx) refers to rtexit.o(.ARM.Collect$$rtexit$$00000000) for .ARM.Collect$$rtexit$$00000000
    rt_raise.o(.text) refers to __raise.o(.text) for __raise
    rt_raise.o(.text) refers to sys_exit.o(.text) for _sys_exit
    defsig_exit.o(.text) refers to sys_exit.o(.text) for _sys_exit
    defsig_fpe_inner.o(.text) refers to defsig_general.o(.text) for __default_signal_display
    libinit2.o(.ARM.Collect$$libinit$$0000000E) refers to libinit2.o(.ARM.Collect$$libinit$$0000000D) for .ARM.Collect$$libinit$$0000000D
    libinit2.o(.ARM.Collect$$libinit$$00000010) refers to libinit2.o(.ARM.Collect$$libinit$$0000000D) for .ARM.Collect$$libinit$$0000000D
    libinit2.o(.ARM.Collect$$libinit$$00000012) refers to libinit2.o(.ARM.Collect$$libinit$$0000000D) for .ARM.Collect$$libinit$$0000000D
    libinit2.o(.ARM.Collect$$libinit$$00000014) refers to libinit2.o(.ARM.Collect$$libinit$$0000000D) for .ARM.Collect$$libinit$$0000000D
    libinit2.o(.ARM.Collect$$libinit$$00000016) refers to libinit2.o(.ARM.Collect$$libinit$$0000000D) for .ARM.Collect$$libinit$$0000000D
    libinit2.o(.ARM.Collect$$libinit$$00000024) refers to argv_veneer.o(.text) for __ARM_argv_veneer
    libinit2.o(.ARM.Collect$$libinit$$00000025) refers to argv_veneer.o(.text) for __ARM_argv_veneer
    sys_exit.o(.text) refers (Special) to use_no_semi.o(.text) for __I$use$semihosting
    sys_exit.o(.text) refers (Special) to indicate_semi.o(.text) for __semihosting_library_function
    rtexit2.o(.ARM.Collect$$rtexit$$00000003) refers to libshutdown.o(.ARM.Collect$$libshutdown$$00000000) for __rt_lib_shutdown
    rtexit2.o(.ARM.Collect$$rtexit$$00000004) refers to sys_exit.o(.text) for _sys_exit
    rtexit2.o(.ARM.exidx) refers to rtexit2.o(.ARM.Collect$$rtexit$$00000001) for .ARM.Collect$$rtexit$$00000001
    rtexit2.o(.ARM.exidx) refers to rtexit2.o(.ARM.Collect$$rtexit$$00000003) for .ARM.Collect$$rtexit$$00000003
    rtexit2.o(.ARM.exidx) refers to rtexit2.o(.ARM.Collect$$rtexit$$00000004) for .ARM.Collect$$rtexit$$00000004
    __raise.o(.text) refers to defsig.o(CL$$defsig) for __default_signal_handler
    defsig_general.o(.text) refers to sys_wrch.o(.text) for _ttywrch
    sys_wrch.o(.text) refers (Special) to use_no_semi.o(.text) for __I$use$semihosting
    sys_wrch.o(.text) refers (Special) to indicate_semi.o(.text) for __semihosting_library_function
    defsig.o(CL$$defsig) refers to defsig_fpe_inner.o(.text) for __rt_SIGFPE_inner
    defsig.o(CL$$defsig) refers to defsig_rtmem_inner.o(.text) for __rt_SIGRTMEM_inner
    _get_argv_nomalloc.o(.text) refers (Special) to hrguard.o(.text) for __heap_region$guard
    _get_argv_nomalloc.o(.text) refers to defsig_rtmem_outer.o(.text) for __rt_SIGRTMEM
    _get_argv_nomalloc.o(.text) refers to sys_command.o(.text) for _sys_command_string
    libshutdown.o(.ARM.Collect$$libshutdown$$00000000) refers (Special) to libshutdown2.o(.ARM.Collect$$libshutdown$$00000006) for __rt_lib_shutdown_fp_trap_1
    libshutdown.o(.ARM.Collect$$libshutdown$$00000000) refers (Special) to libshutdown2.o(.ARM.Collect$$libshutdown$$0000000E) for __rt_lib_shutdown_heap_1
    libshutdown.o(.ARM.Collect$$libshutdown$$00000000) refers (Special) to libshutdown2.o(.ARM.Collect$$libshutdown$$0000000F) for __rt_lib_shutdown_return
    libshutdown.o(.ARM.Collect$$libshutdown$$00000000) refers (Special) to libshutdown2.o(.ARM.Collect$$libshutdown$$00000009) for __rt_lib_shutdown_signal_1
    libshutdown.o(.ARM.Collect$$libshutdown$$00000000) refers (Special) to libshutdown2.o(.ARM.Collect$$libshutdown$$00000003) for __rt_lib_shutdown_stdio_1
    libshutdown.o(.ARM.Collect$$libshutdown$$00000000) refers (Special) to libshutdown2.o(.ARM.Collect$$libshutdown$$0000000B) for __rt_lib_shutdown_user_alloc_1
    sys_command.o(.text) refers (Special) to use_no_semi.o(.text) for __I$use$semihosting
    sys_command.o(.text) refers (Special) to indicate_semi.o(.text) for __semihosting_library_function
    defsig_abrt_inner.o(.text) refers to defsig_general.o(.text) for __default_signal_display
    defsig_rtred_inner.o(.text) refers to defsig_general.o(.text) for __default_signal_display
    defsig_rtmem_inner.o(.text) refers to defsig_general.o(.text) for __default_signal_display
    defsig_rtmem_outer.o(.text) refers to defsig_rtmem_inner.o(.text) for __rt_SIGRTMEM_inner
    defsig_rtmem_outer.o(.text) refers to defsig_exit.o(.text) for __sig_exit
    defsig_rtmem_formal.o(.text) refers to rt_raise.o(.text) for __rt_raise
    defsig_stak_inner.o(.text) refers to defsig_general.o(.text) for __default_signal_display
    defsig_pvfn_inner.o(.text) refers to defsig_general.o(.text) for __default_signal_display
    defsig_cppl_inner.o(.text) refers to defsig_general.o(.text) for __default_signal_display
    defsig_segv_inner.o(.text) refers to defsig_general.o(.text) for __default_signal_display
    defsig_other.o(.text) refers to defsig_general.o(.text) for __default_signal_display


==============================================================================

Removing Unused input sections from the image.

    Removing app_main.o(.rev16_text), (4 bytes).
    Removing app_main.o(.revsh_text), (4 bytes).
    Removing app_tasks.o(.rev16_text), (4 bytes).
    Removing app_tasks.o(.revsh_text), (4 bytes).
    Removing task_def.o(.rev16_text), (4 bytes).
    Removing task_def.o(.revsh_text), (4 bytes).
    Removing freertoscommonhooks.o(.rev16_text), (4 bytes).
    Removing freertoscommonhooks.o(.revsh_text), (4 bytes).
    Removing croutine.o(.text), (728 bytes).
    Removing croutine.o(.bss), (100 bytes).
    Removing croutine.o(.data), (28 bytes).
    Removing queue.o(.text), (1928 bytes).
    Removing queue.o(.bss), (64 bytes).
    Removing adc.o(.rev16_text), (4 bytes).
    Removing adc.o(.revsh_text), (4 bytes).
    Removing clocks.o(.rev16_text), (4 bytes).
    Removing clocks.o(.revsh_text), (4 bytes).
    Removing ct32b0.o(.rev16_text), (4 bytes).
    Removing ct32b0.o(.revsh_text), (4 bytes).
    Removing ct32b0.o(.text), (792 bytes).
    Removing ct32b1.o(.rev16_text), (4 bytes).
    Removing ct32b1.o(.revsh_text), (4 bytes).
    Removing eint.o(.rev16_text), (4 bytes).
    Removing eint.o(.revsh_text), (4 bytes).
    Removing gpio.o(.rev16_text), (4 bytes).
    Removing gpio.o(.revsh_text), (4 bytes).
    Removing i2c.o(.rev16_text), (4 bytes).
    Removing i2c.o(.revsh_text), (4 bytes).
    Removing iocon.o(.rev16_text), (4 bytes).
    Removing iocon.o(.revsh_text), (4 bytes).
    Removing ssp0.o(.rev16_text), (4 bytes).
    Removing ssp0.o(.revsh_text), (4 bytes).
    Removing system_lpc11xx.o(.rev16_text), (4 bytes).
    Removing system_lpc11xx.o(.revsh_text), (4 bytes).
    Removing uart.o(.rev16_text), (4 bytes).
    Removing uart.o(.revsh_text), (4 bytes).
    Removing analog.o(.rev16_text), (4 bytes).
    Removing analog.o(.revsh_text), (4 bytes).
    Removing com.o(.rev16_text), (4 bytes).
    Removing com.o(.revsh_text), (4 bytes).
    Removing pwm.o(.rev16_text), (4 bytes).
    Removing pwm.o(.revsh_text), (4 bytes).
    Removing lm75.o(.rev16_text), (4 bytes).
    Removing lm75.o(.revsh_text), (4 bytes).

44 unused section(s) (total 3792 bytes) removed from the image.

==============================================================================

Image Symbol Table

    Local Symbols

    Symbol Name                              Value     Ov Type        Size  Object(Section)

    RESET                                    0x00000000   Section      192  startup_lpc11xx.o(RESET)
    ../clib/angel/boardlib.s                 0x00000000   Number         0  boardinit2.o ABSOLUTE
    ../clib/angel/boardlib.s                 0x00000000   Number         0  boardinit3.o ABSOLUTE
    ../clib/angel/boardlib.s                 0x00000000   Number         0  boardinit1.o ABSOLUTE
    ../clib/angel/boardlib.s                 0x00000000   Number         0  boardshut.o ABSOLUTE
    ../clib/angel/handlers.s                 0x00000000   Number         0  __scatter_copy.o ABSOLUTE
    ../clib/angel/handlers.s                 0x00000000   Number         0  __scatter_zi.o ABSOLUTE
    ../clib/angel/kernel.s                   0x00000000   Number         0  rtentry.o ABSOLUTE
    ../clib/angel/kernel.s                   0x00000000   Number         0  rtexit.o ABSOLUTE
    ../clib/angel/kernel.s                   0x00000000   Number         0  rtexit2.o ABSOLUTE
    ../clib/angel/kernel.s                   0x00000000   Number         0  rtentry4.o ABSOLUTE
    ../clib/angel/kernel.s                   0x00000000   Number         0  rtentry2.o ABSOLUTE
    ../clib/angel/rt.s                       0x00000000   Number         0  rt_raise.o ABSOLUTE
    ../clib/angel/rt.s                       0x00000000   Number         0  aeabi_idiv0_sigfpe.o ABSOLUTE
    ../clib/angel/rt.s                       0x00000000   Number         0  aeabi_idiv0.o ABSOLUTE
    ../clib/angel/rt.s                       0x00000000   Number         0  rt_div0.o ABSOLUTE
    ../clib/angel/scatterp.s                 0x00000000   Number         0  __scatter.o ABSOLUTE
    ../clib/angel/startup.s                  0x00000000   Number         0  __main.o ABSOLUTE
    ../clib/angel/sys.s                      0x00000000   Number         0  sys_stackheap_outer.o ABSOLUTE
    ../clib/angel/sys.s                      0x00000000   Number         0  use_no_semi.o ABSOLUTE
    ../clib/angel/sys.s                      0x00000000   Number         0  libspace.o ABSOLUTE
    ../clib/angel/sys.s                      0x00000000   Number         0  tempstk.o ABSOLUTE
    ../clib/angel/sys.s                      0x00000000   Number         0  indicate_semi.o ABSOLUTE
    ../clib/angel/sysapp.c                   0x00000000   Number         0  sys_exit.o ABSOLUTE
    ../clib/angel/sysapp.c                   0x00000000   Number         0  sys_wrch.o ABSOLUTE
    ../clib/angel/sysapp.c                   0x00000000   Number         0  sys_command.o ABSOLUTE
    ../clib/armsys.c                         0x00000000   Number         0  argv_veneer.o ABSOLUTE
    ../clib/armsys.c                         0x00000000   Number         0  _get_argv_nomalloc.o ABSOLUTE
    ../clib/armsys.c                         0x00000000   Number         0  no_argv.o ABSOLUTE
    ../clib/division.c                       0x00000000   Number         0  rtudiv10.o ABSOLUTE
    ../clib/division.s                       0x00000000   Number         0  aeabi_sdiv_div0.o ABSOLUTE
    ../clib/division.s                       0x00000000   Number         0  aeabi_sdiv.o ABSOLUTE
    ../clib/heapalloc.c                      0x00000000   Number         0  hrguard.o ABSOLUTE
    ../clib/heapaux.c                        0x00000000   Number         0  heapauxi.o ABSOLUTE
    ../clib/libinit.s                        0x00000000   Number         0  libshutdown2.o ABSOLUTE
    ../clib/libinit.s                        0x00000000   Number         0  libinit.o ABSOLUTE
    ../clib/libinit.s                        0x00000000   Number         0  libinit2.o ABSOLUTE
    ../clib/libinit.s                        0x00000000   Number         0  libshutdown.o ABSOLUTE
    ../clib/memcpset.c                       0x00000000   Number         0  aeabi_memset.o ABSOLUTE
    ../clib/memcpset.c                       0x00000000   Number         0  rt_memcpy.o ABSOLUTE
    ../clib/memcpset.c                       0x00000000   Number         0  rt_memcpy.o ABSOLUTE
    ../clib/memcpset.c                       0x00000000   Number         0  rt_memclr.o ABSOLUTE
    ../clib/printf.c                         0x00000000   Number         0  __printf_wp.o ABSOLUTE
    ../clib/printf.c                         0x00000000   Number         0  __printf_flags_ss.o ABSOLUTE
    ../clib/printf.c                         0x00000000   Number         0  _printf_intcommon.o ABSOLUTE
    ../clib/printf.c                         0x00000000   Number         0  __printf_ss.o ABSOLUTE
    ../clib/printf.c                         0x00000000   Number         0  __printf_flags.o ABSOLUTE
    ../clib/printf.c                         0x00000000   Number         0  _sputc.o ABSOLUTE
    ../clib/printf.c                         0x00000000   Number         0  _printf_dec.o ABSOLUTE
    ../clib/printf.c                         0x00000000   Number         0  _printf_str.o ABSOLUTE
    ../clib/printf.c                         0x00000000   Number         0  __printf.o ABSOLUTE
    ../clib/printf.c                         0x00000000   Number         0  _printf_char_common.o ABSOLUTE
    ../clib/printf.c                         0x00000000   Number         0  __printf_flags_ss_wp.o ABSOLUTE
    ../clib/printf.c                         0x00000000   Number         0  __printf_nopercent.o ABSOLUTE
    ../clib/printf.c                         0x00000000   Number         0  noretval__2sprintf.o ABSOLUTE
    ../clib/printf.c                         0x00000000   Number         0  _printf_char.o ABSOLUTE
    ../clib/printf.c                         0x00000000   Number         0  __printf_ss_wp.o ABSOLUTE
    ../clib/printf.c                         0x00000000   Number         0  __printf_flags_wp.o ABSOLUTE
    ../clib/printf.c                         0x00000000   Number         0  __2sprintf.o ABSOLUTE
    ../clib/printf_percent.s                 0x00000000   Number         0  _printf_u.o ABSOLUTE
    ../clib/printf_percent.s                 0x00000000   Number         0  _printf_s.o ABSOLUTE
    ../clib/printf_percent.s                 0x00000000   Number         0  _printf_c.o ABSOLUTE
    ../clib/printf_percent.s                 0x00000000   Number         0  _printf_percent_end.o ABSOLUTE
    ../clib/printf_percent.s                 0x00000000   Number         0  _printf_percent.o ABSOLUTE
    ../clib/signal.c                         0x00000000   Number         0  defsig_rtred_inner.o ABSOLUTE
    ../clib/signal.c                         0x00000000   Number         0  defsig_abrt_inner.o ABSOLUTE
    ../clib/signal.c                         0x00000000   Number         0  defsig_other.o ABSOLUTE
    ../clib/signal.c                         0x00000000   Number         0  defsig_rtmem_inner.o ABSOLUTE
    ../clib/signal.c                         0x00000000   Number         0  defsig_rtmem_outer.o ABSOLUTE
    ../clib/signal.c                         0x00000000   Number         0  defsig_rtmem_formal.o ABSOLUTE
    ../clib/signal.c                         0x00000000   Number         0  defsig_pvfn_inner.o ABSOLUTE
    ../clib/signal.c                         0x00000000   Number         0  defsig_segv_inner.o ABSOLUTE
    ../clib/signal.c                         0x00000000   Number         0  defsig_stak_inner.o ABSOLUTE
    ../clib/signal.c                         0x00000000   Number         0  defsig_cppl_inner.o ABSOLUTE
    ../clib/signal.c                         0x00000000   Number         0  defsig_fpe_outer.o ABSOLUTE
    ../clib/signal.c                         0x00000000   Number         0  __raise.o ABSOLUTE
    ../clib/signal.c                         0x00000000   Number         0  defsig_fpe_inner.o ABSOLUTE
    ../clib/signal.c                         0x00000000   Number         0  defsig_fpe_formal.o ABSOLUTE
    ../clib/signal.c                         0x00000000   Number         0  defsig_general.o ABSOLUTE
    ../clib/signal.c                         0x00000000   Number         0  defsig_exit.o ABSOLUTE
    ../clib/signal.s                         0x00000000   Number         0  defsig.o ABSOLUTE
    ../clib/stdlib.c                         0x00000000   Number         0  exit.o ABSOLUTE
    ../clib/string.c                         0x00000000   Number         0  memcmp.o ABSOLUTE
    ../clib/string.c                         0x00000000   Number         0  strcat.o ABSOLUTE
    ../clib/string.c                         0x00000000   Number         0  strncpy.o ABSOLUTE
    ../fplib/cfplib/fpinit.c                 0x00000000   Number         0  fpinit.o ABSOLUTE
    ..\1.APP\app_main.c                      0x00000000   Number         0  app_main.o ABSOLUTE
    ..\1.APP\app_tasks.c                     0x00000000   Number         0  app_tasks.o ABSOLUTE
    ..\1.APP\task_def.c                      0x00000000   Number         0  task_def.o ABSOLUTE
    ..\2.OS\GENERIC\croutine.c               0x00000000   Number         0  croutine.o ABSOLUTE
    ..\2.OS\GENERIC\list.c                   0x00000000   Number         0  list.o ABSOLUTE
    ..\2.OS\GENERIC\queue.c                  0x00000000   Number         0  queue.o ABSOLUTE
    ..\2.OS\GENERIC\tasks.c                  0x00000000   Number         0  tasks.o ABSOLUTE
    ..\2.OS\GENERIC\timers.c                 0x00000000   Number         0  timers.o ABSOLUTE
    ..\2.OS\PORT\FreeRTOSCommonHooks.c       0x00000000   Number         0  freertoscommonhooks.o ABSOLUTE
    ..\2.OS\PORT\heap_4.c                    0x00000000   Number         0  heap_4.o ABSOLUTE
    ..\2.OS\PORT\port_m0.c                   0x00000000   Number         0  port_m0.o ABSOLUTE
    ..\3.ECU\analog.c                        0x00000000   Number         0  analog.o ABSOLUTE
    ..\3.ECU\com.c                           0x00000000   Number         0  com.o ABSOLUTE
    ..\3.ECU\dio.c                           0x00000000   Number         0  dio.o ABSOLUTE
    ..\3.ECU\lm75.c                          0x00000000   Number         0  lm75.o ABSOLUTE
    ..\3.ECU\pwm.c                           0x00000000   Number         0  pwm.o ABSOLUTE
    ..\4.MCAL\adc.c                          0x00000000   Number         0  adc.o ABSOLUTE
    ..\4.MCAL\clocks.c                       0x00000000   Number         0  clocks.o ABSOLUTE
    ..\4.MCAL\ct32b0.c                       0x00000000   Number         0  ct32b0.o ABSOLUTE
    ..\4.MCAL\ct32b1.c                       0x00000000   Number         0  ct32b1.o ABSOLUTE
    ..\4.MCAL\eint.c                         0x00000000   Number         0  eint.o ABSOLUTE
    ..\4.MCAL\gpio.c                         0x00000000   Number         0  gpio.o ABSOLUTE
    ..\4.MCAL\i2c.c                          0x00000000   Number         0  i2c.o ABSOLUTE
    ..\4.MCAL\iocon.c                        0x00000000   Number         0  iocon.o ABSOLUTE
    ..\4.MCAL\ssp0.c                         0x00000000   Number         0  ssp0.o ABSOLUTE
    ..\4.MCAL\startup_LPC11xx.s              0x00000000   Number         0  startup_lpc11xx.o ABSOLUTE
    ..\4.MCAL\system_LPC11xx.c               0x00000000   Number         0  system_lpc11xx.o ABSOLUTE
    ..\4.MCAL\uart.c                         0x00000000   Number         0  uart.o ABSOLUTE
    ..\\1.APP\\app_main.c                    0x00000000   Number         0  app_main.o ABSOLUTE
    ..\\1.APP\\app_tasks.c                   0x00000000   Number         0  app_tasks.o ABSOLUTE
    ..\\1.APP\\task_def.c                    0x00000000   Number         0  task_def.o ABSOLUTE
    ..\\2.OS\\PORT\\FreeRTOSCommonHooks.c    0x00000000   Number         0  freertoscommonhooks.o ABSOLUTE
    ..\\2.OS\\PORT\\port_m0.c                0x00000000   Number         0  port_m0.o ABSOLUTE
    ..\\3.ECU\\analog.c                      0x00000000   Number         0  analog.o ABSOLUTE
    ..\\3.ECU\\com.c                         0x00000000   Number         0  com.o ABSOLUTE
    ..\\3.ECU\\lm75.c                        0x00000000   Number         0  lm75.o ABSOLUTE
    ..\\3.ECU\\pwm.c                         0x00000000   Number         0  pwm.o ABSOLUTE
    ..\\4.MCAL\\adc.c                        0x00000000   Number         0  adc.o ABSOLUTE
    ..\\4.MCAL\\clocks.c                     0x00000000   Number         0  clocks.o ABSOLUTE
    ..\\4.MCAL\\ct32b0.c                     0x00000000   Number         0  ct32b0.o ABSOLUTE
    ..\\4.MCAL\\ct32b1.c                     0x00000000   Number         0  ct32b1.o ABSOLUTE
    ..\\4.MCAL\\eint.c                       0x00000000   Number         0  eint.o ABSOLUTE
    ..\\4.MCAL\\gpio.c                       0x00000000   Number         0  gpio.o ABSOLUTE
    ..\\4.MCAL\\i2c.c                        0x00000000   Number         0  i2c.o ABSOLUTE
    ..\\4.MCAL\\iocon.c                      0x00000000   Number         0  iocon.o ABSOLUTE
    ..\\4.MCAL\\ssp0.c                       0x00000000   Number         0  ssp0.o ABSOLUTE
    ..\\4.MCAL\\system_LPC11xx.c             0x00000000   Number         0  system_lpc11xx.o ABSOLUTE
    ..\\4.MCAL\\uart.c                       0x00000000   Number         0  uart.o ABSOLUTE
    dc.s                                     0x00000000   Number         0  dc.o ABSOLUTE
    !!!main                                  0x000000c0   Section        8  __main.o(!!!main)
    !!!scatter                               0x000000c8   Section       60  __scatter.o(!!!scatter)
    !!handler_copy                           0x00000104   Section       26  __scatter_copy.o(!!handler_copy)
    !!handler_zi                             0x00000120   Section       28  __scatter_zi.o(!!handler_zi)
    .ARM.Collect$$_printf_percent$$00000000  0x0000013c   Section        2  _printf_percent.o(.ARM.Collect$$_printf_percent$$00000000)
    .ARM.Collect$$_printf_percent$$0000000A  0x0000013e   Section       10  _printf_u.o(.ARM.Collect$$_printf_percent$$0000000A)
    .ARM.Collect$$_printf_percent$$00000013  0x00000148   Section       10  _printf_c.o(.ARM.Collect$$_printf_percent$$00000013)
    .ARM.Collect$$_printf_percent$$00000014  0x00000152   Section       10  _printf_s.o(.ARM.Collect$$_printf_percent$$00000014)
    .ARM.Collect$$_printf_percent$$00000017  0x0000015c   Section        4  _printf_percent_end.o(.ARM.Collect$$_printf_percent$$00000017)
    .ARM.Collect$$libinit$$00000000          0x00000160   Section        2  libinit.o(.ARM.Collect$$libinit$$00000000)
    .ARM.Collect$$libinit$$00000001          0x00000162   Section        4  libinit2.o(.ARM.Collect$$libinit$$00000001)
    .ARM.Collect$$libinit$$00000008          0x00000166   Section        0  libinit2.o(.ARM.Collect$$libinit$$00000008)
    .ARM.Collect$$libinit$$0000000A          0x00000166   Section        0  libinit2.o(.ARM.Collect$$libinit$$0000000A)
    .ARM.Collect$$libinit$$0000000C          0x00000166   Section        0  libinit2.o(.ARM.Collect$$libinit$$0000000C)
    .ARM.Collect$$libinit$$0000000F          0x00000166   Section        0  libinit2.o(.ARM.Collect$$libinit$$0000000F)
    .ARM.Collect$$libinit$$00000011          0x00000166   Section        0  libinit2.o(.ARM.Collect$$libinit$$00000011)
    .ARM.Collect$$libinit$$00000013          0x00000166   Section        0  libinit2.o(.ARM.Collect$$libinit$$00000013)
    .ARM.Collect$$libinit$$00000015          0x00000166   Section        0  libinit2.o(.ARM.Collect$$libinit$$00000015)
    .ARM.Collect$$libinit$$00000017          0x00000166   Section        0  libinit2.o(.ARM.Collect$$libinit$$00000017)
    .ARM.Collect$$libinit$$00000019          0x00000166   Section        0  libinit2.o(.ARM.Collect$$libinit$$00000019)
    .ARM.Collect$$libinit$$0000001B          0x00000166   Section        0  libinit2.o(.ARM.Collect$$libinit$$0000001B)
    .ARM.Collect$$libinit$$0000001D          0x00000166   Section        0  libinit2.o(.ARM.Collect$$libinit$$0000001D)
    .ARM.Collect$$libinit$$0000001F          0x00000166   Section        0  libinit2.o(.ARM.Collect$$libinit$$0000001F)
    .ARM.Collect$$libinit$$00000021          0x00000166   Section        0  libinit2.o(.ARM.Collect$$libinit$$00000021)
    .ARM.Collect$$libinit$$00000023          0x00000166   Section        0  libinit2.o(.ARM.Collect$$libinit$$00000023)
    .ARM.Collect$$libinit$$0000002A          0x00000166   Section        0  libinit2.o(.ARM.Collect$$libinit$$0000002A)
    .ARM.Collect$$libinit$$0000002C          0x00000166   Section        0  libinit2.o(.ARM.Collect$$libinit$$0000002C)
    .ARM.Collect$$libinit$$0000002E          0x00000166   Section        0  libinit2.o(.ARM.Collect$$libinit$$0000002E)
    .ARM.Collect$$libinit$$00000030          0x00000166   Section        0  libinit2.o(.ARM.Collect$$libinit$$00000030)
    .ARM.Collect$$libinit$$00000031          0x00000166   Section        2  libinit2.o(.ARM.Collect$$libinit$$00000031)
    .ARM.Collect$$libshutdown$$00000000      0x00000168   Section        2  libshutdown.o(.ARM.Collect$$libshutdown$$00000000)
    .ARM.Collect$$libshutdown$$00000003      0x0000016a   Section        0  libshutdown2.o(.ARM.Collect$$libshutdown$$00000003)
    .ARM.Collect$$libshutdown$$00000006      0x0000016a   Section        0  libshutdown2.o(.ARM.Collect$$libshutdown$$00000006)
    .ARM.Collect$$libshutdown$$00000009      0x0000016a   Section        0  libshutdown2.o(.ARM.Collect$$libshutdown$$00000009)
    .ARM.Collect$$libshutdown$$0000000B      0x0000016a   Section        0  libshutdown2.o(.ARM.Collect$$libshutdown$$0000000B)
    .ARM.Collect$$libshutdown$$0000000E      0x0000016a   Section        0  libshutdown2.o(.ARM.Collect$$libshutdown$$0000000E)
    .ARM.Collect$$libshutdown$$0000000F      0x0000016a   Section        2  libshutdown2.o(.ARM.Collect$$libshutdown$$0000000F)
    .ARM.Collect$$rtentry$$00000000          0x0000016c   Section        0  rtentry.o(.ARM.Collect$$rtentry$$00000000)
    .ARM.Collect$$rtentry$$00000002          0x0000016c   Section        0  rtentry2.o(.ARM.Collect$$rtentry$$00000002)
    .ARM.Collect$$rtentry$$00000004          0x0000016c   Section        6  rtentry4.o(.ARM.Collect$$rtentry$$00000004)
    .ARM.Collect$$rtentry$$00000009          0x00000172   Section        0  rtentry2.o(.ARM.Collect$$rtentry$$00000009)
    .ARM.Collect$$rtentry$$0000000A          0x00000172   Section        4  rtentry2.o(.ARM.Collect$$rtentry$$0000000A)
    .ARM.Collect$$rtentry$$0000000C          0x00000176   Section        0  rtentry2.o(.ARM.Collect$$rtentry$$0000000C)
    .ARM.Collect$$rtentry$$0000000D          0x00000176   Section        8  rtentry2.o(.ARM.Collect$$rtentry$$0000000D)
    .ARM.Collect$$rtexit$$00000000           0x0000017e   Section        2  rtexit.o(.ARM.Collect$$rtexit$$00000000)
    .ARM.Collect$$rtexit$$00000002           0x00000180   Section        0  rtexit2.o(.ARM.Collect$$rtexit$$00000002)
    .ARM.Collect$$rtexit$$00000003           0x00000180   Section        4  rtexit2.o(.ARM.Collect$$rtexit$$00000003)
    .ARM.Collect$$rtexit$$00000004           0x00000184   Section        6  rtexit2.o(.ARM.Collect$$rtexit$$00000004)
    .emb_text                                0x0000018c   Section      120  port_m0.o(.emb_text)
    .text                                    0x00000204   Section        0  app_main.o(.text)
    .text                                    0x0000024c   Section        0  app_tasks.o(.text)
    .text                                    0x000002f0   Section        0  heapauxi.o(.text)
    .text                                    0x000002f6   Section        2  use_no_semi.o(.text)
    .text                                    0x000002f8   Section        0  indicate_semi.o(.text)
    .ARM.__at_0x02FC                         0x000002fc   Section        4  startup_lpc11xx.o(.ARM.__at_0x02FC)
    .text                                    0x00000300   Section        0  task_def.o(.text)
    clear_screen                             0x00000301   Thumb Code    28  task_def.o(.text)
    clear_Input                              0x0000031d   Thumb Code    40  task_def.o(.text)
    Input_Status_Log                         0x0000039f   Thumb Code   348  task_def.o(.text)
    .text                                    0x00000b30   Section        0  freertoscommonhooks.o(.text)
    .text                                    0x00000b58   Section        0  heap_4.o(.text)
    prvInsertBlockIntoFreeList               0x00000b59   Thumb Code    96  heap_4.o(.text)
    prvHeapInit                              0x00000bb9   Thumb Code    94  heap_4.o(.text)
    .text                                    0x00000cf4   Section        0  port_m0.o(.text)
    prvSetupTimerInterrupt                   0x00000d09   Thumb Code    26  port_m0.o(.text)
    .text                                    0x00000da8   Section        0  list.o(.text)
    .text                                    0x00000e40   Section        0  tasks.o(.text)
    prvInitialiseTaskLists                   0x00000e41   Thumb Code    68  tasks.o(.text)
    prvInitialiseTCBVariables                0x00000e85   Thumb Code    64  tasks.o(.text)
    prvAllocateTCBAndStack                   0x00000ec5   Thumb Code    64  tasks.o(.text)
    prvAddCurrentTaskToDelayedList           0x000012db   Thumb Code    62  tasks.o(.text)
    prvDeleteTCB                             0x00001729   Thumb Code    18  tasks.o(.text)
    prvCheckTasksWaitingTermination          0x0000173b   Thumb Code    90  tasks.o(.text)
    prvIdleTask                              0x00001795   Thumb Code    24  tasks.o(.text)
    usTaskCheckFreeStackSpace                0x0000181f   Thumb Code    22  tasks.o(.text)
    prvListTaskWithinSingleList              0x00001835   Thumb Code   118  tasks.o(.text)
    .text                                    0x00001c00   Section        0  adc.o(.text)
    Set_ADC_Base_Config                      0x00001c01   Thumb Code    22  adc.o(.text)
    Set_ADC_Operation_Mode                   0x00001c17   Thumb Code    46  adc.o(.text)
    Select_ADC_Input_Channel                 0x00001c45   Thumb Code    16  adc.o(.text)
    Update_ADC_CLKDIV                        0x00001c55   Thumb Code    20  adc.o(.text)
    Set_ADC_Start_Stop                       0x00001c69   Thumb Code    46  adc.o(.text)
    Set_ADC_Core_Config                      0x00001cbb   Thumb Code    28  adc.o(.text)
    .text                                    0x00001d40   Section        0  clocks.o(.text)
    .text                                    0x00001e68   Section        0  ct32b1.o(.text)
    .text                                    0x0000218c   Section        0  eint.o(.text)
    .text                                    0x0000250c   Section        0  gpio.o(.text)
    .text                                    0x000026f8   Section        0  i2c.o(.text)
    Set_I2C_Clock_100KHz                     0x00002733   Thumb Code    12  i2c.o(.text)
    Set_I2C_Base_Config                      0x000027ad   Thumb Code    22  i2c.o(.text)
    .text                                    0x000027d8   Section        0  iocon.o(.text)
    .text                                    0x00002834   Section        0  ssp0.o(.text)
    Set_SSP0_Base_Config                     0x00002835   Thumb Code    28  ssp0.o(.text)
    Set_SSP0                                 0x00002851   Thumb Code    42  ssp0.o(.text)
    Get_SSP0_Status                          0x0000287b   Thumb Code    12  ssp0.o(.text)
    Get_SSP0_Data                            0x00002887   Thumb Code     8  ssp0.o(.text)
    Set_SSP0_Data                            0x0000288f   Thumb Code     6  ssp0.o(.text)
    Set_SSP0_Clock_1MHz                      0x00002895   Thumb Code     8  ssp0.o(.text)
    .text                                    0x00002970   Section       52  startup_lpc11xx.o(.text)
    .text                                    0x000029a4   Section        0  system_lpc11xx.o(.text)
    .text                                    0x00002be8   Section        0  uart.o(.text)
    .text                                    0x00002d50   Section        0  analog.o(.text)
    .text                                    0x00002da8   Section        0  com.o(.text)
    .text                                    0x00002efc   Section        0  dio.o(.text)
    Get_Rotary_Status                        0x00003055   Thumb Code    56  dio.o(.text)
    .text                                    0x00003108   Section        0  pwm.o(.text)
    .text                                    0x00003120   Section        0  lm75.o(.text)
    .text                                    0x00003228   Section        0  noretval__2sprintf.o(.text)
    .text                                    0x00003250   Section        0  __printf.o(.text)
    .text                                    0x000032bc   Section        0  _printf_str.o(.text)
    .text                                    0x00003310   Section        0  _printf_dec.o(.text)
    .text                                    0x0000337c   Section        0  memcmp.o(.text)
    .text                                    0x000033d6   Section        0  strcat.o(.text)
    .text                                    0x000033ee   Section        0  aeabi_memset.o(.text)
    .text                                    0x00003400   Section        0  strncpy.o(.text)
    .text                                    0x0000346c   Section      346  aeabi_sdiv.o(.text)
    .text                                    0x000035c6   Section        0  _printf_intcommon.o(.text)
    .text                                    0x00003678   Section        0  _printf_char_common.o(.text)
    _printf_input_char                       0x00003679   Thumb Code    10  _printf_char_common.o(.text)
    .text                                    0x000036a8   Section        0  _sputc.o(.text)
    .text                                    0x000036b2   Section        0  _printf_char.o(.text)
    .text                                    0x000036e0   Section        0  rt_memclr.o(.text)
    .text                                    0x00003720   Section        0  rtudiv10.o(.text)
    .text                                    0x00003748   Section       62  sys_stackheap_outer.o(.text)
    .text                                    0x00003786   Section        0  exit.o(.text)
    .text                                    0x00003794   Section        8  libspace.o(.text)
    .text                                    0x0000379c   Section        0  sys_exit.o(.text)
    i.__ARM_common_switch8                   0x000037a8   Section        0  task_def.o(i.__ARM_common_switch8)
    .constdata                               0x000037c4   Section       20  tasks.o(.constdata)
    ucExpectedStackBytes                     0x000037c4   Data          20  tasks.o(.constdata)
    .data                                    0x10000000   Section       24  app_tasks.o(.data)
    .data                                    0x10000018   Section       48  task_def.o(.data)
    .data                                    0x10000048   Section       16  heap_4.o(.data)
    pxEnd                                    0x10000048   Data           4  heap_4.o(.data)
    xFreeBytesRemaining                      0x1000004c   Data           4  heap_4.o(.data)
    xStart                                   0x10000050   Data           8  heap_4.o(.data)
    .data                                    0x10000058   Section        4  port_m0.o(.data)
    uxCriticalNesting                        0x10000058   Data           4  port_m0.o(.data)
    .data                                    0x1000005c   Section       60  tasks.o(.data)
    uxTasksDeleted                           0x10000060   Data           4  tasks.o(.data)
    uxCurrentNumberOfTasks                   0x10000064   Data           4  tasks.o(.data)
    xTickCount                               0x10000068   Data           4  tasks.o(.data)
    uxTopUsedPriority                        0x1000006c   Data           4  tasks.o(.data)
    uxTopReadyPriority                       0x10000070   Data           4  tasks.o(.data)
    xSchedulerRunning                        0x10000074   Data           4  tasks.o(.data)
    uxSchedulerSuspended                     0x10000078   Data           4  tasks.o(.data)
    uxMissedTicks                            0x1000007c   Data           4  tasks.o(.data)
    xMissedYield                             0x10000080   Data           4  tasks.o(.data)
    xNumOfOverflows                          0x10000084   Data           4  tasks.o(.data)
    uxTaskNumber                             0x10000088   Data           4  tasks.o(.data)
    xNextTaskUnblockTime                     0x1000008c   Data           4  tasks.o(.data)
    pxDelayedTaskList                        0x10000090   Data           4  tasks.o(.data)
    pxOverflowDelayedTaskList                0x10000094   Data           4  tasks.o(.data)
    .data                                    0x10000098   Section        4  system_lpc11xx.o(.data)
    .data                                    0x1000009c   Section       12  dio.o(.data)
    rotary_status                            0x1000009c   Data           1  dio.o(.data)
    prev_statusA                             0x1000009d   Data           1  dio.o(.data)
    rotary_ctr                               0x100000a0   Data           4  dio.o(.data)
    rotary_dir                               0x100000a4   Data           1  dio.o(.data)
    .data                                    0x100000a8   Section        1  lm75.o(.data)
    .bss                                     0x100000ac   Section     1536  heap_4.o(.bss)
    ucHeap                                   0x100000ac   Data        1536  heap_4.o(.bss)
    .bss                                     0x100006ac   Section      300  tasks.o(.bss)
    pcStatusString                           0x100006ac   Data          40  tasks.o(.bss)
    pxReadyTasksLists                        0x100006d4   Data         160  tasks.o(.bss)
    xDelayedTaskList1                        0x10000774   Data          20  tasks.o(.bss)
    xDelayedTaskList2                        0x10000788   Data          20  tasks.o(.bss)
    xPendingReadyList                        0x1000079c   Data          20  tasks.o(.bss)
    xTasksWaitingTermination                 0x100007b0   Data          20  tasks.o(.bss)
    xSuspendedTaskList                       0x100007c4   Data          20  tasks.o(.bss)
    .bss                                     0x100007d8   Section       96  libspace.o(.bss)
    HEAP                                     0x10000838   Section        0  startup_lpc11xx.o(HEAP)
    STACK                                    0x10000838   Section      512  startup_lpc11xx.o(STACK)
    Heap_Mem                                 0x10000838   Data           0  startup_lpc11xx.o(HEAP)
    Stack_Mem                                0x10000838   Data         512  startup_lpc11xx.o(STACK)
    __initial_sp                             0x10000a38   Data           0  startup_lpc11xx.o(STACK)

    Global Symbols

    Symbol Name                              Value     Ov Type        Size  Object(Section)

    BuildAttributes$$THM_ISAv3M$S$PE$A:L22$X:L11$S22$IEEE1$IW$USESV6$~STKCKD$USESV7$~SHL$OSPACE$ROPI$EBA8$UX$STANDARDLIB$REQ8$PRES8$EABIv2 0x00000000   Number         0  anon$$obj.o ABSOLUTE
    __ARM_use_no_argv                        0x00000000   Number         0  app_main.o ABSOLUTE
    __Vectors                                0x00000000   Data           4  startup_lpc11xx.o(RESET)
    __ARM_exceptions_init                     - Undefined Weak Reference
    __alloca_initialize                       - Undefined Weak Reference
    __cpp_initialize__aeabi_                  - Undefined Weak Reference
    __cxa_finalize                            - Undefined Weak Reference
    __rt_locale                               - Undefined Weak Reference
    __sigvec_lookup                           - Undefined Weak Reference
    _atexit_init                              - Undefined Weak Reference
    _call_atexit_fns                          - Undefined Weak Reference
    _clock_init                               - Undefined Weak Reference
    _fp_trap_init                             - Undefined Weak Reference
    _fp_trap_shutdown                         - Undefined Weak Reference
    _get_lc_collate                           - Undefined Weak Reference
    _get_lc_ctype                             - Undefined Weak Reference
    _get_lc_monetary                          - Undefined Weak Reference
    _get_lc_numeric                           - Undefined Weak Reference
    _get_lc_time                              - Undefined Weak Reference
    _getenv_init                              - Undefined Weak Reference
    _handle_redirection                       - Undefined Weak Reference
    _init_alloc                               - Undefined Weak Reference
    _init_user_alloc                          - Undefined Weak Reference
    _initio                                   - Undefined Weak Reference
    _printf_mbtowc                            - Undefined Weak Reference
    _printf_post_padding                      - Undefined Weak Reference
    _printf_pre_padding                       - Undefined Weak Reference
    _printf_truncate_signed                   - Undefined Weak Reference
    _printf_truncate_unsigned                 - Undefined Weak Reference
    _rand_init                                - Undefined Weak Reference
    _signal_finish                            - Undefined Weak Reference
    _signal_init                              - Undefined Weak Reference
    _terminate_alloc                          - Undefined Weak Reference
    _terminate_user_alloc                     - Undefined Weak Reference
    _terminateio                              - Undefined Weak Reference
    __main                                   0x000000c1   Thumb Code     8  __main.o(!!!main)
    __scatterload                            0x000000c9   Thumb Code     0  __scatter.o(!!!scatter)
    __scatterload_rt2                        0x000000c9   Thumb Code    52  __scatter.o(!!!scatter)
    __scatterload_rt2_thumb_only             0x000000c9   Thumb Code     0  __scatter.o(!!!scatter)
    __scatterload_null                       0x000000d9   Thumb Code     0  __scatter.o(!!!scatter)
    __scatterload_copy                       0x00000105   Thumb Code    26  __scatter_copy.o(!!handler_copy)
    __scatterload_zeroinit                   0x00000121   Thumb Code    28  __scatter_zi.o(!!handler_zi)
    _printf_percent                          0x0000013d   Thumb Code     0  _printf_percent.o(.ARM.Collect$$_printf_percent$$00000000)
    _printf_u                                0x0000013f   Thumb Code     0  _printf_u.o(.ARM.Collect$$_printf_percent$$0000000A)
    _printf_c                                0x00000149   Thumb Code     0  _printf_c.o(.ARM.Collect$$_printf_percent$$00000013)
    _printf_s                                0x00000153   Thumb Code     0  _printf_s.o(.ARM.Collect$$_printf_percent$$00000014)
    _printf_percent_end                      0x0000015d   Thumb Code     0  _printf_percent_end.o(.ARM.Collect$$_printf_percent$$00000017)
    __rt_lib_init                            0x00000161   Thumb Code     0  libinit.o(.ARM.Collect$$libinit$$00000000)
    __rt_lib_init_fp_1                       0x00000163   Thumb Code     0  libinit2.o(.ARM.Collect$$libinit$$00000001)
    __rt_lib_init_alloca_1                   0x00000167   Thumb Code     0  libinit2.o(.ARM.Collect$$libinit$$0000002C)
    __rt_lib_init_argv_1                     0x00000167   Thumb Code     0  libinit2.o(.ARM.Collect$$libinit$$0000002A)
    __rt_lib_init_atexit_1                   0x00000167   Thumb Code     0  libinit2.o(.ARM.Collect$$libinit$$00000019)
    __rt_lib_init_clock_1                    0x00000167   Thumb Code     0  libinit2.o(.ARM.Collect$$libinit$$0000001F)
    __rt_lib_init_cpp_1                      0x00000167   Thumb Code     0  libinit2.o(.ARM.Collect$$libinit$$00000030)
    __rt_lib_init_exceptions_1               0x00000167   Thumb Code     0  libinit2.o(.ARM.Collect$$libinit$$0000002E)
    __rt_lib_init_fp_trap_1                  0x00000167   Thumb Code     0  libinit2.o(.ARM.Collect$$libinit$$0000001D)
    __rt_lib_init_getenv_1                   0x00000167   Thumb Code     0  libinit2.o(.ARM.Collect$$libinit$$00000021)
    __rt_lib_init_heap_1                     0x00000167   Thumb Code     0  libinit2.o(.ARM.Collect$$libinit$$00000008)
    __rt_lib_init_lc_collate_1               0x00000167   Thumb Code     0  libinit2.o(.ARM.Collect$$libinit$$0000000F)
    __rt_lib_init_lc_ctype_1                 0x00000167   Thumb Code     0  libinit2.o(.ARM.Collect$$libinit$$00000011)
    __rt_lib_init_lc_monetary_1              0x00000167   Thumb Code     0  libinit2.o(.ARM.Collect$$libinit$$00000013)
    __rt_lib_init_lc_numeric_1               0x00000167   Thumb Code     0  libinit2.o(.ARM.Collect$$libinit$$00000015)
    __rt_lib_init_lc_time_1                  0x00000167   Thumb Code     0  libinit2.o(.ARM.Collect$$libinit$$00000017)
    __rt_lib_init_rand_1                     0x00000167   Thumb Code     0  libinit2.o(.ARM.Collect$$libinit$$0000000C)
    __rt_lib_init_return                     0x00000167   Thumb Code     0  libinit2.o(.ARM.Collect$$libinit$$00000031)
    __rt_lib_init_signal_1                   0x00000167   Thumb Code     0  libinit2.o(.ARM.Collect$$libinit$$0000001B)
    __rt_lib_init_stdio_1                    0x00000167   Thumb Code     0  libinit2.o(.ARM.Collect$$libinit$$00000023)
    __rt_lib_init_user_alloc_1               0x00000167   Thumb Code     0  libinit2.o(.ARM.Collect$$libinit$$0000000A)
    __rt_lib_shutdown                        0x00000169   Thumb Code     0  libshutdown.o(.ARM.Collect$$libshutdown$$00000000)
    __rt_lib_shutdown_fp_trap_1              0x0000016b   Thumb Code     0  libshutdown2.o(.ARM.Collect$$libshutdown$$00000006)
    __rt_lib_shutdown_heap_1                 0x0000016b   Thumb Code     0  libshutdown2.o(.ARM.Collect$$libshutdown$$0000000E)
    __rt_lib_shutdown_return                 0x0000016b   Thumb Code     0  libshutdown2.o(.ARM.Collect$$libshutdown$$0000000F)
    __rt_lib_shutdown_signal_1               0x0000016b   Thumb Code     0  libshutdown2.o(.ARM.Collect$$libshutdown$$00000009)
    __rt_lib_shutdown_stdio_1                0x0000016b   Thumb Code     0  libshutdown2.o(.ARM.Collect$$libshutdown$$00000003)
    __rt_lib_shutdown_user_alloc_1           0x0000016b   Thumb Code     0  libshutdown2.o(.ARM.Collect$$libshutdown$$0000000B)
    __rt_entry                               0x0000016d   Thumb Code     0  rtentry.o(.ARM.Collect$$rtentry$$00000000)
    __rt_entry_presh_1                       0x0000016d   Thumb Code     0  rtentry2.o(.ARM.Collect$$rtentry$$00000002)
    __rt_entry_sh                            0x0000016d   Thumb Code     0  rtentry4.o(.ARM.Collect$$rtentry$$00000004)
    __rt_entry_li                            0x00000173   Thumb Code     0  rtentry2.o(.ARM.Collect$$rtentry$$0000000A)
    __rt_entry_postsh_1                      0x00000173   Thumb Code     0  rtentry2.o(.ARM.Collect$$rtentry$$00000009)
    __rt_entry_main                          0x00000177   Thumb Code     0  rtentry2.o(.ARM.Collect$$rtentry$$0000000D)
    __rt_entry_postli_1                      0x00000177   Thumb Code     0  rtentry2.o(.ARM.Collect$$rtentry$$0000000C)
    __rt_exit                                0x0000017f   Thumb Code     0  rtexit.o(.ARM.Collect$$rtexit$$00000000)
    __rt_exit_ls                             0x00000181   Thumb Code     0  rtexit2.o(.ARM.Collect$$rtexit$$00000003)
    __rt_exit_prels_1                        0x00000181   Thumb Code     0  rtexit2.o(.ARM.Collect$$rtexit$$00000002)
    __rt_exit_exit                           0x00000185   Thumb Code     0  rtexit2.o(.ARM.Collect$$rtexit$$00000004)
    SVC_Handler                              0x0000018d   Thumb Code    34  port_m0.o(.emb_text)
    vPortStartFirstTask                      0x000001b5   Thumb Code    14  port_m0.o(.emb_text)
    PendSV_Handler                           0x000001c3   Thumb Code    62  port_m0.o(.emb_text)
    InitPeripherals                          0x00000205   Thumb Code    42  app_main.o(.text)
    main                                     0x0000022f   Thumb Code    30  app_main.o(.text)
    CreateSemaphores                         0x0000024d   Thumb Code     2  app_tasks.o(.text)
    CreateQueues                             0x0000024f   Thumb Code     2  app_tasks.o(.text)
    CreateAppTasks                           0x00000251   Thumb Code   102  app_tasks.o(.text)
    __use_two_region_memory                  0x000002f1   Thumb Code     2  heapauxi.o(.text)
    __rt_heap_escrow$2region                 0x000002f3   Thumb Code     2  heapauxi.o(.text)
    __rt_heap_expand$2region                 0x000002f5   Thumb Code     2  heapauxi.o(.text)
    __I$use$semihosting                      0x000002f7   Thumb Code     0  use_no_semi.o(.text)
    __use_no_semihosting_swi                 0x000002f7   Thumb Code     2  use_no_semi.o(.text)
    __semihosting_library_function           0x000002f9   Thumb Code     0  indicate_semi.o(.text)
    Task_Input                               0x00000345   Thumb Code    90  task_def.o(.text)
    Task_COM                                 0x000004fb   Thumb Code  1306  task_def.o(.text)
    Task_Output                              0x00000a15   Thumb Code   254  task_def.o(.text)
    FreeRTOSDelay                            0x00000b31   Thumb Code    20  freertoscommonhooks.o(.text)
    vApplicationMallocFailedHook             0x00000b45   Thumb Code     6  freertoscommonhooks.o(.text)
    vApplicationIdleHook                     0x00000b4b   Thumb Code     4  freertoscommonhooks.o(.text)
    vApplicationStackOverflowHook            0x00000b4f   Thumb Code     6  freertoscommonhooks.o(.text)
    vApplicationTickHook                     0x00000b55   Thumb Code     2  freertoscommonhooks.o(.text)
    pvPortMalloc                             0x00000c17   Thumb Code   154  heap_4.o(.text)
    vPortFree                                0x00000cb1   Thumb Code    42  heap_4.o(.text)
    xPortGetFreeHeapSize                     0x00000cdb   Thumb Code     6  heap_4.o(.text)
    vPortInitialiseBlocks                    0x00000ce1   Thumb Code     2  heap_4.o(.text)
    pxPortInitialiseStack                    0x00000cf5   Thumb Code    20  port_m0.o(.text)
    xPortStartScheduler                      0x00000d23   Thumb Code    48  port_m0.o(.text)
    vPortEndScheduler                        0x00000d53   Thumb Code     2  port_m0.o(.text)
    vPortYieldFromISR                        0x00000d55   Thumb Code    10  port_m0.o(.text)
    vPortEnterCritical                       0x00000d5f   Thumb Code    14  port_m0.o(.text)
    vPortExitCritical                        0x00000d6d   Thumb Code    22  port_m0.o(.text)
    SysTick_Handler                          0x00000d83   Thumb Code    22  port_m0.o(.text)
    vListInitialise                          0x00000da9   Thumb Code    26  list.o(.text)
    vListInitialiseItem                      0x00000dc3   Thumb Code     6  list.o(.text)
    vListInsertEnd                           0x00000dc9   Thumb Code    28  list.o(.text)
    vListInsert                              0x00000de5   Thumb Code    52  list.o(.text)
    uxListRemove                             0x00000e19   Thumb Code    40  list.o(.text)
    xTaskGenericCreate                       0x00000f05   Thumb Code   328  tasks.o(.text)
    vTaskDelete                              0x0000104d   Thumb Code   102  tasks.o(.text)
    vTaskIncrementTick                       0x000010b3   Thumb Code   266  tasks.o(.text)
    xTaskResumeAll                           0x000011bd   Thumb Code   286  tasks.o(.text)
    vTaskSuspendAll                          0x00001319   Thumb Code    12  tasks.o(.text)
    vTaskDelayUntil                          0x00001325   Thumb Code   136  tasks.o(.text)
    vTaskDelay                               0x000013ad   Thumb Code    52  tasks.o(.text)
    uxTaskPriorityGet                        0x000013e1   Thumb Code    32  tasks.o(.text)
    vTaskPrioritySet                         0x00001401   Thumb Code   184  tasks.o(.text)
    vTaskSwitchContext                       0x000014b9   Thumb Code   164  tasks.o(.text)
    vTaskSuspend                             0x0000155d   Thumb Code   108  tasks.o(.text)
    xTaskIsTaskSuspended                     0x000015c9   Thumb Code    74  tasks.o(.text)
    vTaskResume                              0x00001613   Thumb Code   162  tasks.o(.text)
    xTaskResumeFromISR                       0x000016b5   Thumb Code   116  tasks.o(.text)
    vTaskStartScheduler                      0x000017ad   Thumb Code    62  tasks.o(.text)
    vTaskEndScheduler                        0x000017eb   Thumb Code    16  tasks.o(.text)
    xTaskGetTickCount                        0x000017fb   Thumb Code    18  tasks.o(.text)
    xTaskGetTickCountFromISR                 0x0000180d   Thumb Code    12  tasks.o(.text)
    uxTaskGetNumberOfTasks                   0x00001819   Thumb Code     6  tasks.o(.text)
    vTaskList                                0x000018ab   Thumb Code   198  tasks.o(.text)
    vTaskPlaceOnEventList                    0x00001971   Thumb Code    70  tasks.o(.text)
    xTaskRemoveFromEventList                 0x000019b7   Thumb Code   106  tasks.o(.text)
    vTaskSetTimeOutState                     0x00001a21   Thumb Code    24  tasks.o(.text)
    xTaskCheckForTimeOut                     0x00001a39   Thumb Code   112  tasks.o(.text)
    vTaskMissedYield                         0x00001aa9   Thumb Code   112  tasks.o(.text)
    uxTaskGetTaskNumber                      0x00001b19   Thumb Code    16  tasks.o(.text)
    vTaskSetTaskNumber                       0x00001b29   Thumb Code    10  tasks.o(.text)
    xTaskGetCurrentTaskHandle                0x00001b33   Thumb Code     6  tasks.o(.text)
    vTaskPriorityInherit                     0x00001b39   Thumb Code   118  tasks.o(.text)
    vTaskPriorityDisinherit                  0x00001baf   Thumb Code    70  tasks.o(.text)
    Get_AD0_Status                           0x00001c97   Thumb Code     8  adc.o(.text)
    Get_AD7_Status                           0x00001c9f   Thumb Code     8  adc.o(.text)
    Read_AD0_Count                           0x00001ca7   Thumb Code    10  adc.o(.text)
    Read_AD7_Count                           0x00001cb1   Thumb Code    10  adc.o(.text)
    Get_AD0                                  0x00001cd7   Thumb Code    42  adc.o(.text)
    Get_AD7                                  0x00001d01   Thumb Code    42  adc.o(.text)
    Init_ADC                                 0x00001d2b   Thumb Code    12  adc.o(.text)
    Set_PCLK_ADC                             0x00001d41   Thumb Code    36  clocks.o(.text)
    Set_PCLK_GPIO                            0x00001d65   Thumb Code    32  clocks.o(.text)
    Set_PCLK_UART                            0x00001d85   Thumb Code    36  clocks.o(.text)
    Set_UART_Clock_Divider                   0x00001da9   Thumb Code     6  clocks.o(.text)
    Set_PCLK_I2C                             0x00001daf   Thumb Code    32  clocks.o(.text)
    Set_PCLK_SSP0                            0x00001dcf   Thumb Code    36  clocks.o(.text)
    Set_SSP0_Clock_Divider                   0x00001df3   Thumb Code     6  clocks.o(.text)
    Set_PCLK_IOCON                           0x00001df9   Thumb Code    36  clocks.o(.text)
    Set_PCLK_CT32B0                          0x00001e1d   Thumb Code    36  clocks.o(.text)
    Set_PCLK_CT32B1                          0x00001e41   Thumb Code    36  clocks.o(.text)
    Config_CT32B1_CTM                        0x00001e69   Thumb Code     6  ct32b1.o(.text)
    Config_CT32B1_Counters                   0x00001e6f   Thumb Code    50  ct32b1.o(.text)
    Config_CT32B1_Reset                      0x00001ea1   Thumb Code    50  ct32b1.o(.text)
    Set_CT32B1_Count                         0x00001ed3   Thumb Code     8  ct32b1.o(.text)
    Set_CT32B1_Prescale_Count                0x00001edb   Thumb Code     8  ct32b1.o(.text)
    Set_CT32B1_MAT0_Count                    0x00001ee3   Thumb Code     8  ct32b1.o(.text)
    Set_CT32B1_MAT3_Count                    0x00001eeb   Thumb Code     8  ct32b1.o(.text)
    Get_CT32B1_Count                         0x00001ef3   Thumb Code     8  ct32b1.o(.text)
    Get_CT32B1_Capture_Count                 0x00001efb   Thumb Code     8  ct32b1.o(.text)
    Set_CT32B1_CAP_Option                    0x00001f03   Thumb Code   156  ct32b1.o(.text)
    Init_CT32B1_Event_Counter                0x00001f9f   Thumb Code    34  ct32b1.o(.text)
    Init_CT32B1_Simple_Timer                 0x00001fc1   Thumb Code    40  ct32b1.o(.text)
    Init_CT32B1_Timer_Capture                0x00001fe9   Thumb Code    14  ct32b1.o(.text)
    Config_CT32B1_MAT0_Internal_Option       0x00001ff7   Thumb Code   156  ct32b1.o(.text)
    Config_CT32B1_MAT3_Internal_Option       0x00002093   Thumb Code   162  ct32b1.o(.text)
    Config_CT32B1_MAT0_External_Option       0x00002135   Thumb Code    22  ct32b1.o(.text)
    Init_CT32B1_Pulse_Gen                    0x0000214b   Thumb Code    20  ct32b1.o(.text)
    Init_CT32B1_PWM                          0x0000215f   Thumb Code    42  ct32b1.o(.text)
    Config_EINT0_Trigger                     0x0000218d   Thumb Code   160  eint.o(.text)
    Config_EINT1_Trigger                     0x0000222d   Thumb Code   160  eint.o(.text)
    Config_EINT2_Trigger                     0x000022cd   Thumb Code   160  eint.o(.text)
    Config_EINT3_Trigger                     0x0000236d   Thumb Code   160  eint.o(.text)
    Set_EINT0_Mask                           0x0000240d   Thumb Code    46  eint.o(.text)
    Set_EINT1_Mask                           0x0000243b   Thumb Code    46  eint.o(.text)
    Set_EINT2_Mask                           0x00002469   Thumb Code    46  eint.o(.text)
    Set_EINT3_Mask                           0x00002497   Thumb Code    46  eint.o(.text)
    Clr_EINT0                                0x000024c5   Thumb Code    12  eint.o(.text)
    Clr_EINT1                                0x000024d1   Thumb Code    12  eint.o(.text)
    Clr_EINT2                                0x000024dd   Thumb Code    12  eint.o(.text)
    Clr_EINT3                                0x000024e9   Thumb Code    12  eint.o(.text)
    PIOINT0_IRQHandler                       0x000024f5   Thumb Code     2  eint.o(.text)
    PIOINT1_IRQHandler                       0x000024f7   Thumb Code     2  eint.o(.text)
    PIOINT2_IRQHandler                       0x000024f9   Thumb Code     2  eint.o(.text)
    PIOINT3_IRQHandler                       0x000024fb   Thumb Code     2  eint.o(.text)
    Set_GPIO_Direction                       0x0000250d   Thumb Code   144  gpio.o(.text)
    Get_GPIO_Status                          0x0000259d   Thumb Code   108  gpio.o(.text)
    Set_GPIO_State                           0x00002609   Thumb Code   208  gpio.o(.text)
    Set_I2C_Master_Ack                       0x000026f9   Thumb Code    30  i2c.o(.text)
    Get_I2C_Status_Code                      0x00002717   Thumb Code    10  i2c.o(.text)
    Write_I2C_Byte                           0x00002721   Thumb Code     8  i2c.o(.text)
    Read_I2C_Byte                            0x00002729   Thumb Code    10  i2c.o(.text)
    Set_I2C_Master_Command                   0x0000273f   Thumb Code    42  i2c.o(.text)
    Set_I2C_Interface                        0x00002769   Thumb Code    30  i2c.o(.text)
    Wait_I2C_Phase_Complete                  0x00002787   Thumb Code    16  i2c.o(.text)
    GetI2CStatus                             0x00002797   Thumb Code    14  i2c.o(.text)
    Clear_I2C_Status                         0x000027a5   Thumb Code     8  i2c.o(.text)
    Init_I2C                                 0x000027c3   Thumb Code    18  i2c.o(.text)
    ConfigIO                                 0x000027d9   Thumb Code    88  iocon.o(.text)
    Set_SSP0_Mode                            0x0000289d   Thumb Code   126  ssp0.o(.text)
    Set_SSP0_Data_Size                       0x0000291b   Thumb Code    16  ssp0.o(.text)
    Init_SSP0                                0x0000292b   Thumb Code    30  ssp0.o(.text)
    Set_SSP0_Transfer                        0x00002949   Thumb Code    32  ssp0.o(.text)
    Reset_Handler                            0x00002971   Thumb Code     8  startup_lpc11xx.o(.text)
    NMI_Handler                              0x00002979   Thumb Code     2  startup_lpc11xx.o(.text)
    HardFault_Handler                        0x0000297b   Thumb Code     2  startup_lpc11xx.o(.text)
    ADC_IRQHandler                           0x00002983   Thumb Code     0  startup_lpc11xx.o(.text)
    BOD_IRQHandler                           0x00002983   Thumb Code     0  startup_lpc11xx.o(.text)
    CAN_IRQHandler                           0x00002983   Thumb Code     0  startup_lpc11xx.o(.text)
    FMC_IRQHandler                           0x00002983   Thumb Code     0  startup_lpc11xx.o(.text)
    I2C_IRQHandler                           0x00002983   Thumb Code     0  startup_lpc11xx.o(.text)
    SSP0_IRQHandler                          0x00002983   Thumb Code     0  startup_lpc11xx.o(.text)
    SSP1_IRQHandler                          0x00002983   Thumb Code     0  startup_lpc11xx.o(.text)
    TIMER16_0_IRQHandler                     0x00002983   Thumb Code     0  startup_lpc11xx.o(.text)
    TIMER16_1_IRQHandler                     0x00002983   Thumb Code     0  startup_lpc11xx.o(.text)
    TIMER32_0_IRQHandler                     0x00002983   Thumb Code     0  startup_lpc11xx.o(.text)
    TIMER32_1_IRQHandler                     0x00002983   Thumb Code     0  startup_lpc11xx.o(.text)
    UART_IRQHandler                          0x00002983   Thumb Code     0  startup_lpc11xx.o(.text)
    USB_FIQHandler                           0x00002983   Thumb Code     0  startup_lpc11xx.o(.text)
    USB_IRQHandler                           0x00002983   Thumb Code     0  startup_lpc11xx.o(.text)
    WAKEUP_IRQHandler                        0x00002983   Thumb Code     0  startup_lpc11xx.o(.text)
    WDT_IRQHandler                           0x00002983   Thumb Code     0  startup_lpc11xx.o(.text)
    __user_initial_stackheap                 0x00002985   Thumb Code     0  startup_lpc11xx.o(.text)
    SystemCoreClockUpdate                    0x000029a5   Thumb Code   358  system_lpc11xx.o(.text)
    SystemInit                               0x00002b0b   Thumb Code   144  system_lpc11xx.o(.text)
    Set_UART_Baud_Lock                       0x00002be9   Thumb Code    42  uart.o(.text)
    Set_UART_Data_Size                       0x00002c13   Thumb Code    16  uart.o(.text)
    Set_UART_Parity                          0x00002c23   Thumb Code    84  uart.o(.text)
    Update_UART_DLL                          0x00002c77   Thumb Code     6  uart.o(.text)
    Update_UART_DLM                          0x00002c7d   Thumb Code     6  uart.o(.text)
    Update_UART_FDR                          0x00002c83   Thumb Code     6  uart.o(.text)
    Set_UART_Baud_9600                       0x00002c89   Thumb Code    34  uart.o(.text)
    Set_UART_Baud_57600                      0x00002cab   Thumb Code    34  uart.o(.text)
    Get_UART_TxBuf_Status                    0x00002ccd   Thumb Code    12  uart.o(.text)
    Get_UART_RxBuf_Status                    0x00002cd9   Thumb Code    10  uart.o(.text)
    Update_UART_TxBuf                        0x00002ce3   Thumb Code     6  uart.o(.text)
    Read_UART_RxBuf                          0x00002ce9   Thumb Code     8  uart.o(.text)
    Send_UART_Byte                           0x00002cf1   Thumb Code    22  uart.o(.text)
    Receive_UART_Byte                        0x00002d07   Thumb Code    22  uart.o(.text)
    Set_UART_Core_Config                     0x00002d1d   Thumb Code    20  uart.o(.text)
    Set_UART_Base_Config                     0x00002d31   Thumb Code    16  uart.o(.text)
    Init_UART                                0x00002d41   Thumb Code    12  uart.o(.text)
    Init_DAC                                 0x00002d51   Thumb Code    18  analog.o(.text)
    Measure_vPOT                             0x00002d63   Thumb Code    28  analog.o(.text)
    Set_DAC_Input                            0x00002d7f   Thumb Code    42  analog.o(.text)
    Send_COM_String                          0x00002da9   Thumb Code    22  com.o(.text)
    Send_COM_Num                             0x00002dbf   Thumb Code   308  com.o(.text)
    Init_UserKeys                            0x00002efd   Thumb Code    40  dio.o(.text)
    Set_RGB_Blue                             0x00002f25   Thumb Code    42  dio.o(.text)
    Set_RGB_Green                            0x00002f4f   Thumb Code    42  dio.o(.text)
    Set_RGB_Red                              0x00002f79   Thumb Code    44  dio.o(.text)
    Init_RGB                                 0x00002fa5   Thumb Code    58  dio.o(.text)
    Init_Rotary                              0x00002fdf   Thumb Code    40  dio.o(.text)
    DIO_Get_Key1                             0x00003007   Thumb Code    26  dio.o(.text)
    DIO_Get_Key2                             0x00003021   Thumb Code    26  dio.o(.text)
    DIO_Get_Key3                             0x0000303b   Thumb Code    26  dio.o(.text)
    Get_Rotary_Data                          0x0000308d   Thumb Code    94  dio.o(.text)
    Set_PWM_Duty                             0x00003109   Thumb Code    24  pwm.o(.text)
    ReadLM75                                 0x00003121   Thumb Code   260  lm75.o(.text)
    __2sprintf                               0x00003229   Thumb Code    36  noretval__2sprintf.o(.text)
    __printf                                 0x00003251   Thumb Code   108  __printf.o(.text)
    _printf_str                              0x000032bd   Thumb Code    82  _printf_str.o(.text)
    _printf_int_dec                          0x00003311   Thumb Code    90  _printf_dec.o(.text)
    memcmp                                   0x0000337d   Thumb Code    90  memcmp.o(.text)
    strcat                                   0x000033d7   Thumb Code    24  strcat.o(.text)
    __aeabi_memset                           0x000033ef   Thumb Code    18  aeabi_memset.o(.text)
    strncpy                                  0x00003401   Thumb Code   104  strncpy.o(.text)
    __aeabi_uidiv                            0x0000346d   Thumb Code     0  aeabi_sdiv.o(.text)
    __aeabi_uidivmod                         0x0000346d   Thumb Code    20  aeabi_sdiv.o(.text)
    __aeabi_idiv                             0x00003481   Thumb Code     0  aeabi_sdiv.o(.text)
    __aeabi_idivmod                          0x00003481   Thumb Code   326  aeabi_sdiv.o(.text)
    _printf_int_common                       0x000035c7   Thumb Code   176  _printf_intcommon.o(.text)
    _printf_char_common                      0x00003683   Thumb Code    32  _printf_char_common.o(.text)
    _sputc                                   0x000036a9   Thumb Code    10  _sputc.o(.text)
    _printf_cs_common                        0x000036b3   Thumb Code    22  _printf_char.o(.text)
    _printf_char                             0x000036c9   Thumb Code    16  _printf_char.o(.text)
    _printf_string                           0x000036d9   Thumb Code     8  _printf_char.o(.text)
    _memset_w                                0x000036e1   Thumb Code    26  rt_memclr.o(.text)
    _memset                                  0x000036fb   Thumb Code    30  rt_memclr.o(.text)
    __aeabi_memclr                           0x00003719   Thumb Code     4  rt_memclr.o(.text)
    __rt_memclr                              0x00003719   Thumb Code     0  rt_memclr.o(.text)
    __aeabi_memclr4                          0x0000371d   Thumb Code     0  rt_memclr.o(.text)
    __aeabi_memclr8                          0x0000371d   Thumb Code     0  rt_memclr.o(.text)
    __rt_memclr_w                            0x0000371d   Thumb Code     4  rt_memclr.o(.text)
    __rt_udiv10                              0x00003721   Thumb Code    40  rtudiv10.o(.text)
    __user_setup_stackheap                   0x00003749   Thumb Code    62  sys_stackheap_outer.o(.text)
    exit                                     0x00003787   Thumb Code    12  exit.o(.text)
    __user_libspace                          0x00003795   Thumb Code     8  libspace.o(.text)
    __user_perproc_libspace                  0x00003795   Thumb Code     0  libspace.o(.text)
    __user_perthread_libspace                0x00003795   Thumb Code     0  libspace.o(.text)
    _sys_exit                                0x0000379d   Thumb Code     8  sys_exit.o(.text)
    __ARM_common_switch8                     0x000037a9   Thumb Code    28  task_def.o(i.__ARM_common_switch8)
    Region$$Table$$Base                      0x000037d8   Number         0  anon$$obj.o(Region$$Table)
    Region$$Table$$Limit                     0x000037f8   Number         0  anon$$obj.o(Region$$Table)
    Task_IP_Handle                           0x10000000   Data           4  app_tasks.o(.data)
    Task_OP_Handle                           0x10000004   Data           4  app_tasks.o(.data)
    Task_COM_Handle                          0x10000008   Data           4  app_tasks.o(.data)
    Task_IP_sts                              0x1000000c   Data           4  app_tasks.o(.data)
    Task_OP_sts                              0x10000010   Data           4  app_tasks.o(.data)
    Task_COM_sts                             0x10000014   Data           4  app_tasks.o(.data)
    key1                                     0x10000018   Data           1  task_def.o(.data)
    key2                                     0x10000019   Data           1  task_def.o(.data)
    key3                                     0x1000001a   Data           1  task_def.o(.data)
    prevValk1                                0x1000001b   Data           1  task_def.o(.data)
    prevValk2                                0x1000001c   Data           1  task_def.o(.data)
    prevValk3                                0x1000001d   Data           1  task_def.o(.data)
    volt                                     0x1000001e   Data           1  task_def.o(.data)
    milliVolt                                0x1000001f   Data           1  task_def.o(.data)
    prvMv                                    0x10000020   Data           1  task_def.o(.data)
    rot                                      0x10000024   Data           8  task_def.o(.data)
    prvSts                                   0x1000002c   Data           1  task_def.o(.data)
    prvDir                                   0x1000002d   Data           1  task_def.o(.data)
    prvCount                                 0x10000030   Data           4  task_def.o(.data)
    milliVolt_count                          0x10000034   Data           2  task_def.o(.data)
    tem                                      0x10000038   Data           4  task_def.o(.data)
    prevTem                                  0x1000003c   Data           4  task_def.o(.data)
    main_choice                              0x10000040   Data           1  task_def.o(.data)
    color                                    0x10000041   Data           1  task_def.o(.data)
    dac_pwm_ip                               0x10000042   Data           2  task_def.o(.data)
    dac_out                                  0x10000044   Data           2  task_def.o(.data)
    dac_volt                                 0x10000046   Data           1  task_def.o(.data)
    dac_mv                                   0x10000047   Data           1  task_def.o(.data)
    pxCurrentTCB                             0x1000005c   Data           4  tasks.o(.data)
    SystemCoreClock                          0x10000098   Data           4  system_lpc11xx.o(.data)
    red_led_sts                              0x100000a5   Data           1  dio.o(.data)
    blue_led_sts                             0x100000a6   Data           1  dio.o(.data)
    green_led_sts                            0x100000a7   Data           1  dio.o(.data)
    i2c_status                               0x100000a8   Data           1  lm75.o(.data)
    __libspace_start                         0x100007d8   Data          96  libspace.o(.bss)
    __temporary_stack_top$libspace           0x10000838   Data           0  libspace.o(.bss)



==============================================================================

Memory Map of the image

  Image Entry point : 0x00002971

  Load Region LR_1 (Base: 0x00000000, Size: 0x000038a4, Max: 0xffffffff, ABSOLUTE)

    Execution Region ER_RO (Base: 0x00000000, Size: 0x000037f8, Max: 0xffffffff, ABSOLUTE)

    Base Addr    Size         Type   Attr      Idx    E Section Name        Object

    0x00000000   0x000000c0   Data   RO          522    RESET               startup_lpc11xx.o
    0x000000c0   0x00000008   Code   RO          734  * !!!main             c_p.l(__main.o)
    0x000000c8   0x0000003c   Code   RO          915    !!!scatter          c_p.l(__scatter.o)
    0x00000104   0x0000001a   Code   RO          917    !!handler_copy      c_p.l(__scatter_copy.o)
    0x0000011e   0x00000002   PAD
    0x00000120   0x0000001c   Code   RO          919    !!handler_zi        c_p.l(__scatter_zi.o)
    0x0000013c   0x00000002   Code   RO          715    .ARM.Collect$$_printf_percent$$00000000  c_p.l(_printf_percent.o)
    0x0000013e   0x0000000a   Code   RO          714    .ARM.Collect$$_printf_percent$$0000000A  c_p.l(_printf_u.o)
    0x00000148   0x0000000a   Code   RO          712    .ARM.Collect$$_printf_percent$$00000013  c_p.l(_printf_c.o)
    0x00000152   0x0000000a   Code   RO          713    .ARM.Collect$$_printf_percent$$00000014  c_p.l(_printf_s.o)
    0x0000015c   0x00000004   Code   RO          749    .ARM.Collect$$_printf_percent$$00000017  c_p.l(_printf_percent_end.o)
    0x00000160   0x00000002   Code   RO          787    .ARM.Collect$$libinit$$00000000  c_p.l(libinit.o)
    0x00000162   0x00000004   Code   RO          800    .ARM.Collect$$libinit$$00000001  c_p.l(libinit2.o)
    0x00000166   0x00000000   Code   RO          804    .ARM.Collect$$libinit$$00000008  c_p.l(libinit2.o)
    0x00000166   0x00000000   Code   RO          806    .ARM.Collect$$libinit$$0000000A  c_p.l(libinit2.o)
    0x00000166   0x00000000   Code   RO          808    .ARM.Collect$$libinit$$0000000C  c_p.l(libinit2.o)
    0x00000166   0x00000000   Code   RO          811    .ARM.Collect$$libinit$$0000000F  c_p.l(libinit2.o)
    0x00000166   0x00000000   Code   RO          813    .ARM.Collect$$libinit$$00000011  c_p.l(libinit2.o)
    0x00000166   0x00000000   Code   RO          815    .ARM.Collect$$libinit$$00000013  c_p.l(libinit2.o)
    0x00000166   0x00000000   Code   RO          817    .ARM.Collect$$libinit$$00000015  c_p.l(libinit2.o)
    0x00000166   0x00000000   Code   RO          819    .ARM.Collect$$libinit$$00000017  c_p.l(libinit2.o)
    0x00000166   0x00000000   Code   RO          821    .ARM.Collect$$libinit$$00000019  c_p.l(libinit2.o)
    0x00000166   0x00000000   Code   RO          823    .ARM.Collect$$libinit$$0000001B  c_p.l(libinit2.o)
    0x00000166   0x00000000   Code   RO          825    .ARM.Collect$$libinit$$0000001D  c_p.l(libinit2.o)
    0x00000166   0x00000000   Code   RO          827    .ARM.Collect$$libinit$$0000001F  c_p.l(libinit2.o)
    0x00000166   0x00000000   Code   RO          829    .ARM.Collect$$libinit$$00000021  c_p.l(libinit2.o)
    0x00000166   0x00000000   Code   RO          831    .ARM.Collect$$libinit$$00000023  c_p.l(libinit2.o)
    0x00000166   0x00000000   Code   RO          835    .ARM.Collect$$libinit$$0000002A  c_p.l(libinit2.o)
    0x00000166   0x00000000   Code   RO          837    .ARM.Collect$$libinit$$0000002C  c_p.l(libinit2.o)
    0x00000166   0x00000000   Code   RO          839    .ARM.Collect$$libinit$$0000002E  c_p.l(libinit2.o)
    0x00000166   0x00000000   Code   RO          841    .ARM.Collect$$libinit$$00000030  c_p.l(libinit2.o)
    0x00000166   0x00000002   Code   RO          842    .ARM.Collect$$libinit$$00000031  c_p.l(libinit2.o)
    0x00000168   0x00000002   Code   RO          873    .ARM.Collect$$libshutdown$$00000000  c_p.l(libshutdown.o)
    0x0000016a   0x00000000   Code   RO          900    .ARM.Collect$$libshutdown$$00000003  c_p.l(libshutdown2.o)
    0x0000016a   0x00000000   Code   RO          903    .ARM.Collect$$libshutdown$$00000006  c_p.l(libshutdown2.o)
    0x0000016a   0x00000000   Code   RO          906    .ARM.Collect$$libshutdown$$00000009  c_p.l(libshutdown2.o)
    0x0000016a   0x00000000   Code   RO          908    .ARM.Collect$$libshutdown$$0000000B  c_p.l(libshutdown2.o)
    0x0000016a   0x00000000   Code   RO          911    .ARM.Collect$$libshutdown$$0000000E  c_p.l(libshutdown2.o)
    0x0000016a   0x00000002   Code   RO          912    .ARM.Collect$$libshutdown$$0000000F  c_p.l(libshutdown2.o)
    0x0000016c   0x00000000   Code   RO          736    .ARM.Collect$$rtentry$$00000000  c_p.l(rtentry.o)
    0x0000016c   0x00000000   Code   RO          755    .ARM.Collect$$rtentry$$00000002  c_p.l(rtentry2.o)
    0x0000016c   0x00000006   Code   RO          767    .ARM.Collect$$rtentry$$00000004  c_p.l(rtentry4.o)
    0x00000172   0x00000000   Code   RO          757    .ARM.Collect$$rtentry$$00000009  c_p.l(rtentry2.o)
    0x00000172   0x00000004   Code   RO          758    .ARM.Collect$$rtentry$$0000000A  c_p.l(rtentry2.o)
    0x00000176   0x00000000   Code   RO          760    .ARM.Collect$$rtentry$$0000000C  c_p.l(rtentry2.o)
    0x00000176   0x00000008   Code   RO          761    .ARM.Collect$$rtentry$$0000000D  c_p.l(rtentry2.o)
    0x0000017e   0x00000002   Code   RO          792    .ARM.Collect$$rtexit$$00000000  c_p.l(rtexit.o)
    0x00000180   0x00000000   Code   RO          846    .ARM.Collect$$rtexit$$00000002  c_p.l(rtexit2.o)
    0x00000180   0x00000004   Code   RO          847    .ARM.Collect$$rtexit$$00000003  c_p.l(rtexit2.o)
    0x00000184   0x00000006   Code   RO          848    .ARM.Collect$$rtexit$$00000004  c_p.l(rtexit2.o)
    0x0000018a   0x00000002   PAD
    0x0000018c   0x00000078   Code   RO          211    .emb_text           port_m0.o
    0x00000204   0x00000048   Code   RO            3    .text               app_main.o
    0x0000024c   0x000000a4   Code   RO          108    .text               app_tasks.o
    0x000002f0   0x00000006   Code   RO          732    .text               c_p.l(heapauxi.o)
    0x000002f6   0x00000002   Code   RO          862    .text               c_p.l(use_no_semi.o)
    0x000002f8   0x00000000   Code   RO          864    .text               c_p.l(indicate_semi.o)
    0x000002f8   0x00000004   PAD
    0x000002fc   0x00000004   Code   RO          523    .ARM.__at_0x02FC    startup_lpc11xx.o
    0x00000300   0x00000830   Code   RO          140    .text               task_def.o
    0x00000b30   0x00000026   Code   RO          166    .text               freertoscommonhooks.o
    0x00000b56   0x00000002   PAD
    0x00000b58   0x0000019c   Code   RO          190    .text               heap_4.o
    0x00000cf4   0x000000b4   Code   RO          212    .text               port_m0.o
    0x00000da8   0x00000098   Code   RO          252    .text               list.o
    0x00000e40   0x00000dc0   Code   RO          285    .text               tasks.o
    0x00001c00   0x00000140   Code   RO          326    .text               adc.o
    0x00001d40   0x00000128   Code   RO          346    .text               clocks.o
    0x00001e68   0x00000324   Code   RO          392    .text               ct32b1.o
    0x0000218c   0x00000380   Code   RO          412    .text               eint.o
    0x0000250c   0x000001ec   Code   RO          439    .text               gpio.o
    0x000026f8   0x000000e0   Code   RO          459    .text               i2c.o
    0x000027d8   0x0000005c   Code   RO          479    .text               iocon.o
    0x00002834   0x0000013c   Code   RO          499    .text               ssp0.o
    0x00002970   0x00000034   Code   RO          524  * .text               startup_lpc11xx.o
    0x000029a4   0x00000244   Code   RO          532    .text               system_lpc11xx.o
    0x00002be8   0x00000168   Code   RO          564    .text               uart.o
    0x00002d50   0x00000058   Code   RO          584    .text               analog.o
    0x00002da8   0x00000154   Code   RO          604    .text               com.o
    0x00002efc   0x0000020c   Code   RO          622    .text               dio.o
    0x00003108   0x00000018   Code   RO          639    .text               pwm.o
    0x00003120   0x00000108   Code   RO          659    .text               lm75.o
    0x00003228   0x00000028   Code   RO          684    .text               c_p.l(noretval__2sprintf.o)
    0x00003250   0x0000006c   Code   RO          686    .text               c_p.l(__printf.o)
    0x000032bc   0x00000052   Code   RO          688    .text               c_p.l(_printf_str.o)
    0x0000330e   0x00000002   PAD
    0x00003310   0x0000006c   Code   RO          690    .text               c_p.l(_printf_dec.o)
    0x0000337c   0x0000005a   Code   RO          716    .text               c_p.l(memcmp.o)
    0x000033d6   0x00000018   Code   RO          718    .text               c_p.l(strcat.o)
    0x000033ee   0x00000012   Code   RO          724    .text               c_p.l(aeabi_memset.o)
    0x00003400   0x0000006c   Code   RO          726    .text               c_p.l(strncpy.o)
    0x0000346c   0x0000015a   Code   RO          728    .text               c_p.l(aeabi_sdiv.o)
    0x000035c6   0x000000b0   Code   RO          741    .text               c_p.l(_printf_intcommon.o)
    0x00003676   0x00000002   PAD
    0x00003678   0x00000030   Code   RO          743    .text               c_p.l(_printf_char_common.o)
    0x000036a8   0x0000000a   Code   RO          745    .text               c_p.l(_sputc.o)
    0x000036b2   0x0000002e   Code   RO          747    .text               c_p.l(_printf_char.o)
    0x000036e0   0x00000040   Code   RO          750    .text               c_p.l(rt_memclr.o)
    0x00003720   0x00000028   Code   RO          752    .text               c_p.l(rtudiv10.o)
    0x00003748   0x0000003e   Code   RO          773    .text               c_p.l(sys_stackheap_outer.o)
    0x00003786   0x0000000c   Code   RO          776    .text               c_p.l(exit.o)
    0x00003792   0x00000002   PAD
    0x00003794   0x00000008   Code   RO          788    .text               c_p.l(libspace.o)
    0x0000379c   0x0000000c   Code   RO          843    .text               c_p.l(sys_exit.o)
    0x000037a8   0x0000001c   Code   RO          158    i.__ARM_common_switch8  task_def.o
    0x000037c4   0x00000014   Data   RO          287    .constdata          tasks.o
    0x000037d8   0x00000020   Data   RO          913    Region$$Table       anon$$obj.o


    Execution Region ER_RW (Base: 0x10000000, Size: 0x000000ac, Max: 0xffffffff, ABSOLUTE)

    Base Addr    Size         Type   Attr      Idx    E Section Name        Object

    0x10000000   0x00000018   Data   RW          109    .data               app_tasks.o
    0x10000018   0x00000030   Data   RW          141    .data               task_def.o
    0x10000048   0x00000010   Data   RW          192    .data               heap_4.o
    0x10000058   0x00000004   Data   RW          213    .data               port_m0.o
    0x1000005c   0x0000003c   Data   RW          288    .data               tasks.o
    0x10000098   0x00000004   Data   RW          533    .data               system_lpc11xx.o
    0x1000009c   0x0000000c   Data   RW          623    .data               dio.o
    0x100000a8   0x00000001   Data   RW          660    .data               lm75.o


    Execution Region ER_ZI (Base: 0x100000ac, Size: 0x0000098c, Max: 0xffffffff, ABSOLUTE)

    Base Addr    Size         Type   Attr      Idx    E Section Name        Object

    0x100000ac   0x00000600   Zero   RW          191    .bss                heap_4.o
    0x100006ac   0x0000012c   Zero   RW          286    .bss                tasks.o
    0x100007d8   0x00000060   Zero   RW          789    .bss                c_p.l(libspace.o)
    0x10000838   0x00000000   Zero   RW          521    HEAP                startup_lpc11xx.o
    0x10000838   0x00000200   Zero   RW          520    STACK               startup_lpc11xx.o


==============================================================================

Image component sizes


      Code (inc. data)   RO Data    RW Data    ZI Data      Debug   Object Name

       320         10          0          0          0       2587   adc.o
        88          0          0          0          0       1294   analog.o
        72          0          0          0          0      11687   app_main.o
       164         58          0         24          0       1420   app_tasks.o
       296          4          0          0          0       1763   clocks.o
       340         10          0          0          0       1231   com.o
       804          4          0          0          0       4190   ct32b1.o
       524         30          0         12          0       2788   dio.o
       896         48          0          0          0       4482   eint.o
        38          0          0          0          0       1085   freertoscommonhooks.o
       492         32          0          0          0       1340   gpio.o
       412         18          0         16       1536       4116   heap_4.o
       224          4          0          0          0       1942   i2c.o
        92          4          0          0          0        439   iocon.o
       152          0          0          0          0       1670   list.o
       264          4          0          1          0        796   lm75.o
       300         26          0          4          0       2153   port_m0.o
        24          0          0          0          0        435   pwm.o
       316          8          0          0          0       2247   ssp0.o
        56         26        192          0        512        740   startup_lpc11xx.o
       580         96          0          4          0       2101   system_lpc11xx.o
      2124        756          0         48          0       2866   task_def.o
      3520        258         20         60        300      15706   tasks.o
       360          4          0          0          0       3474   uart.o

    ----------------------------------------------------------------------
     12460       1400        244        172       2348      72552   Object Totals
         0          0         32          0          0          0   (incl. Generated)
         2          0          0          3          0          0   (incl. Padding)

    ----------------------------------------------------------------------

      Code (inc. data)   RO Data    RW Data    ZI Data      Debug   Library Member Name

         8          0          0          0          0         68   __main.o
       108          0          0          0          0         76   __printf.o
        60          8          0          0          0          0   __scatter.o
        26          0          0          0          0          0   __scatter_copy.o
        28          0          0          0          0          0   __scatter_zi.o
        10          0          0          0          0          0   _printf_c.o
        46          0          0          0          0        100   _printf_char.o
        48          6          0          0          0         88   _printf_char_common.o
       108         18          0          0          0         76   _printf_dec.o
       176          0          0          0          0         84   _printf_intcommon.o
         2          0          0          0          0          0   _printf_percent.o
         4          0          0          0          0          0   _printf_percent_end.o
        10          0          0          0          0          0   _printf_s.o
        82          0          0          0          0         72   _printf_str.o
        10          0          0          0          0          0   _printf_u.o
        10          0          0          0          0         60   _sputc.o
        18          0          0          0          0         68   aeabi_memset.o
       346          0          0          0          0         92   aeabi_sdiv.o
        12          0          0          0          0         64   exit.o
         6          0          0          0          0        136   heapauxi.o
         0          0          0          0          0          0   indicate_semi.o
         2          0          0          0          0          0   libinit.o
         6          0          0          0          0          0   libinit2.o
         2          0          0          0          0          0   libshutdown.o
         2          0          0          0          0          0   libshutdown2.o
         8          4          0          0         96         68   libspace.o
        90          0          0          0          0         68   memcmp.o
        40          4          0          0          0         84   noretval__2sprintf.o
        64          0          0          0          0        108   rt_memclr.o
         0          0          0          0          0          0   rtentry.o
        12          0          0          0          0          0   rtentry2.o
         6          0          0          0          0          0   rtentry4.o
         2          0          0          0          0          0   rtexit.o
        10          0          0          0          0          0   rtexit2.o
        40          0          0          0          0         60   rtudiv10.o
        24          0          0          0          0         60   strcat.o
       108          4          0          0          0         76   strncpy.o
        12          4          0          0          0         60   sys_exit.o
        62          0          0          0          0         80   sys_stackheap_outer.o
         2          0          0          0          0         68   use_no_semi.o

    ----------------------------------------------------------------------
      1624         48          0          0         96       1716   Library Totals
        14          0          0          0          0          0   (incl. Padding)

    ----------------------------------------------------------------------

      Code (inc. data)   RO Data    RW Data    ZI Data      Debug   Library Name

      1610         48          0          0         96       1716   c_p.l

    ----------------------------------------------------------------------
      1624         48          0          0         96       1716   Library Totals

    ----------------------------------------------------------------------

==============================================================================


      Code (inc. data)   RO Data    RW Data    ZI Data      Debug   

     14084       1448        244        172       2444      71228   Grand Totals
     14084       1448        244        172       2444      71228   ELF Image Totals
     14084       1448        244        172          0          0   ROM Totals

==============================================================================

    Total RO  Size (Code + RO Data)                14328 (  13.99kB)
    Total RW  Size (RW Data + ZI Data)              2616 (   2.55kB)
    Total ROM Size (Code + RO Data + RW Data)      14500 (  14.16kB)

==============================================================================

