<html>
<body>
<pre>
<h1>µVision Build Log</h1>
<h2>Project:</h2>
F:\1_CK\Board_IO_MONITOR_CONTROL\TBS_ARM_RTOS\9.IDE\board_io.uvproj
Project File Date:  10/26/2019

<h2>Output:</h2>
Rebuild Project 'board_io' - Target 'Board_IO_MON_CON'
compiling app_main.c...
compiling app_tasks.c...
compiling task_def.c...
compiling FreeRTOSCommonHooks.c...
compiling heap_4.c...
compiling port_m0.c...
F:\1_CK\Board_IO_MONITOR_CONTROL\TBS_ARM_RTOS\2.OS\PORT\port_m0.c(162): warning: A1581W: Added 2 bytes of padding at address 0x22
compiling croutine.c...
compiling list.c...
compiling queue.c...
compiling tasks.c...
compiling timers.c...
compiling adc.c...
compiling clocks.c...
compiling ct32b0.c...
compiling ct32b1.c...
compiling eint.c...
compiling gpio.c...
compiling i2c.c...
compiling iocon.c...
compiling ssp0.c...
assembling startup_LPC11xx.s...
compiling system_LPC11xx.c...
compiling uart.c...
compiling analog.c...
compiling com.c...
compiling dio.c...
compiling pwm.c...
compiling lm75.c...
linking...
Program Size: Code=14084 RO-data=244 RW-data=172 ZI-data=2444  
FromELF: creating hex file...
"..\5.BIN\board_io.axf" - 0 Error(s), 1 Warning(s).
Load "..\\5.BIN\\board_io.axf" 
Erase Done.
Programming Done.
Verify OK.

compiling lm75.c...
linking...
Program Size: Code=14084 RO-data=244 RW-data=172 ZI-data=2444  
FromELF: creating hex file...
"..\5.BIN\board_io.axf" - 0 Error(s), 2 Warning(s).
g startup_LPC11xx.s...
compiling system_LPC11xx.c...
compiling uart.c...
compiling analog.c...
compiling com.c...
compiling dio.c...
compiling pwm.c...
compiling lm75.c...
"..\5.BIN\board_io.axf" - 2 Error(s), 2 Warning(s).
Target not created
 dio.c...
compiling pwm.c...
compiling lm75.c...
"..\5.BIN\board_io.axf" - 2 Error(s), 3 Warning(s).
Target not created
00E: Symbol Task_IP_sts multiply defined (by task_def.o and app_tasks.o).
..\5.BIN\board_io.axf: Error: L6200E: Symbol Task_OP_sts multiply defined (by task_def.o and app_tasks.o).
..\5.BIN\board_io.axf: Error: L6200E: Symbol Task_COM_sts multiply defined (by task_def.o and app_tasks.o).
Not enough information to list image symbols.
Not enough information to list the image map.
Finished: 2 information, 0 warning and 6 error messages.
"..\5.BIN\board_io.axf" - 6 Error(s), 3 Warning(s).
Target not created
